Task "Create Project" successful.
Generated logfile: 
Generating Xilinx Vivado with IP Integrator project: <a href="matlab:downstream.tool.openTargetTool('C:\Xilinx\Vivado\2019.1\bin\vivado vivado_prj.xpr &','hdl_prj\vivado_ip_prj\vivado_prj.xpr',0);">hdl_prj\vivado_ip_prj\vivado_prj.xpr</a>
****** Vivado v2019.1 (64-bit)
  **** SW Build 2552052 on Fri May 24 14:49:42 MDT 2019
  **** IP Build 2548770 on Fri May 24 18:01:18 MDT 2019
    ** Copyright 1986-2019 Xilinx, Inc. All Rights Reserved.

source vivado_create_prj.tcl -notrace
INFO: [ProjectBase 1-489] The host OS only allows 260 characters in a normal path. The project is stored in a path with more than 80 characters. If you experience issues with IP, Block Designs, or files not being found, please consider moving the project to a location with a shorter path. Alternately consider using the OS subst command to map part of the path to a drive letter.
Current project path is 'C:/dkaputa/courses/563-embeddesSystemsDesignTwo_2025/lecture14/referenceDesign/hdl_prj/vivado_ip_prj'
WARNING: [Project 1-153] The current project device 'xc7z020clg400-1' does not match with the device on the 'KRTKL.COM:SNICKERDOODLE_BLACK:PART0:1.0' board part. A device change to match the device on 'KRTKL.COM:SNICKERDOODLE_BLACK:PART0:1.0' board part is being done. Please upgrade the IP in the project via the upgrade_ip command or by selecting Reports => Reports IP Status.
INFO: [Project 1-152] Project part set to zynq (xc7z020clg400-3)
INFO: [IP_Flow 19-234] Refreshing IP repositories
INFO: [IP_Flow 19-1700] Loaded user IP repository 'c:/dkaputa/courses/563-embeddesSystemsDesignTwo_2025/lecture14/referenceDesign/hdl_prj/vivado_ip_prj/ipcore'.
INFO: [IP_Flow 19-2313] Loaded Vivado IP repository 'C:/Xilinx/Vivado/2019.1/data/ip'.
INFO: [IP_Flow 19-1839] IP Catalog is up to date.
Wrote  : <C:\dkaputa\courses\563-embeddesSystemsDesignTwo_2025\lecture14\referenceDesign\hdl_prj\vivado_ip_prj\src\design_1\design_1.bd> 
INFO: [BD_TCL-6] Checking if the following IPs exist in the project's IP catalog:  
xilinx.com:ip:axi_vdma:6.3 xilinx.com:ip:axis_broadcaster:1.1 xilinx.com:user:cam_axi:1.0 xilinx.com:ip:processing_system7:5.5 xilinx.com:user:read_trigger:1.0 xilinx.com:ip:proc_sys_reset:5.0 xilinx.com:ip:smartconnect:1.0  .
INFO: [PS7-6] Configuring Board Preset part0. Please wait ......
INFO: [Ipptcl 7-1463] No Compatible Board Interface found. Board Tab not created in customize GUI
Wrote  : <C:\dkaputa\courses\563-embeddesSystemsDesignTwo_2025\lecture14\referenceDesign\hdl_prj\vivado_ip_prj\src\design_1\design_1.bd> 
WARNING: [BD_TCL-1000] This Tcl script was generated from a block design that has not been validated. It is possible that design <design_1> may result in errors during validation.
INFO: [Common 17-206] Exiting Vivado at Wed Mar  5 16:48:59 2025...

Elapsed time is 13.7737 seconds.

****** Vivado v2019.1 (64-bit)
  **** SW Build 2552052 on Fri May 24 14:49:42 MDT 2019
  **** IP Build 2548770 on Fri May 24 18:01:18 MDT 2019
    ** Copyright 1986-2019 Xilinx, Inc. All Rights Reserved.

source vivado_insert_ip.tcl -notrace
INFO: [ProjectBase 1-489] The host OS only allows 260 characters in a normal path. The project is stored in a path with more than 80 characters. If you experience issues with IP, Block Designs, or files not being found, please consider moving the project to a location with a shorter path. Alternately consider using the OS subst command to map part of the path to a drive letter.
Current project path is 'C:/dkaputa/courses/563-embeddesSystemsDesignTwo_2025/lecture14/referenceDesign/hdl_prj/vivado_ip_prj'
Scanning sources...
Finished scanning sources
INFO: [IP_Flow 19-234] Refreshing IP repositories
INFO: [IP_Flow 19-1700] Loaded user IP repository 'c:/dkaputa/courses/563-embeddesSystemsDesignTwo_2025/lecture14/referenceDesign/hdl_prj/vivado_ip_prj/ipcore'.
INFO: [IP_Flow 19-2313] Loaded Vivado IP repository 'C:/Xilinx/Vivado/2019.1/data/ip'.
INFO: [IP_Flow 19-949] Unzipped './ipcore/conv_core_ip_v1_0.zip' into repository 'c:/dkaputa/courses/563-embeddesSystemsDesignTwo_2025/lecture14/referenceDesign/hdl_prj/vivado_ip_prj/ipcore'.
INFO: [IP_Flow 19-725] Reloaded user IP repository 'c:/dkaputa/courses/563-embeddesSystemsDesignTwo_2025/lecture14/referenceDesign/hdl_prj/vivado_ip_prj/ipcore'
INFO: [IP_Flow 19-1839] IP Catalog is up to date.
Adding component instance block -- xilinx.com:ip:axi_vdma:6.3 - axi_vdma_1
Adding component instance block -- xilinx.com:ip:axi_vdma:6.3 - axi_vdma_2
Adding component instance block -- xilinx.com:ip:axi_vdma:6.3 - axi_vdma_3
Adding component instance block -- xilinx.com:ip:axis_broadcaster:1.1 - axis_broadcaster_0
Adding component instance block -- xilinx.com:user:cam_axi:1.0 - cam_axi_1
Adding component instance block -- xilinx.com:user:cam_axi:1.0 - cam_axi_2
Adding component instance block -- xilinx.com:ip:processing_system7:5.5 - processing_system7_0
Adding component instance block -- xilinx.com:ip:axi_interconnect:2.1 - ps7_0_axi_periph
Adding component instance block -- xilinx.com:ip:axi_crossbar:2.1 - xbar
Adding component instance block -- xilinx.com:user:read_trigger:1.0 - read_trigger_0
Adding component instance block -- xilinx.com:ip:proc_sys_reset:5.0 - rst_ps7_0_50M
Adding component instance block -- xilinx.com:ip:smartconnect:1.0 - smartconnect_0
Adding component instance block -- xilinx.com:ip:smartconnect:1.0 - smartconnect_1
Successfully read diagram <design_1> from BD file <C:/dkaputa/courses/563-embeddesSystemsDesignTwo_2025/lecture14/referenceDesign/hdl_prj/vivado_ip_prj/src/design_1/design_1.bd>
INFO: [Ipptcl 7-1463] No Compatible Board Interface found. Board Tab not created in customize GUI
INFO: [Ipptcl 7-1463] No Compatible Board Interface found. Board Tab not created in customize GUI
INFO: [Ipptcl 7-1463] No Compatible Board Interface found. Board Tab not created in customize GUI
WARNING: [BD 41-927] Following properties on pin /conv_core_ip_0/IPCORE_CLK have been updated from connected ip. They may not be synchronized with cell properties. You can set property on pin directly to confirm the value and resolve the warning.
	CLK_DOMAIN=design_1_processing_system7_0_0_FCLK_CLK0 
WARNING: [BD 41-927] Following properties on pin /conv_core_ip_0/AXI4_Lite_ACLK have been updated from connected ip. They may not be synchronized with cell properties. You can set property on pin directly to confirm the value and resolve the warning.
	CLK_DOMAIN=design_1_processing_system7_0_0_FCLK_CLK0 
Wrote  : <C:\dkaputa\courses\563-embeddesSystemsDesignTwo_2025\lecture14\referenceDesign\hdl_prj\vivado_ip_prj\src\design_1\design_1.bd> 
VHDL Output written to : C:/dkaputa/courses/563-embeddesSystemsDesignTwo_2025/lecture14/referenceDesign/hdl_prj/vivado_ip_prj/src/design_1/synth/design_1.vhd
VHDL Output written to : C:/dkaputa/courses/563-embeddesSystemsDesignTwo_2025/lecture14/referenceDesign/hdl_prj/vivado_ip_prj/src/design_1/sim/design_1.vhd
VHDL Output written to : C:/dkaputa/courses/563-embeddesSystemsDesignTwo_2025/lecture14/referenceDesign/hdl_prj/vivado_ip_prj/src/design_1/hdl/design_1_wrapper.vhd
make_wrapper: Time (s): cpu = 00:00:11 ; elapsed = 00:00:13 . Memory (MB): peak = 645.070 ; gain = 308.699
INFO: [BD 5-320] Validate design is not run, since the design is already validated.
INFO: [Common 17-206] Exiting Vivado at Wed Mar  5 16:49:21 2025...

Elapsed time is 22.6184 seconds.


