
*** Running vivado
    with args -log design_1_wrapper.vdi -applog -m64 -product Vivado -messageDb vivado.pb -mode batch -source design_1_wrapper.tcl -notrace


****** Vivado v2019.1 (64-bit)
  **** SW Build 2552052 on Fri May 24 14:49:42 MDT 2019
  **** IP Build 2548770 on Fri May 24 18:01:18 MDT 2019
    ** Copyright 1986-2019 Xilinx, Inc. All Rights Reserved.

source design_1_wrapper.tcl -notrace
INFO: [IP_Flow 19-234] Refreshing IP repositories
INFO: [IP_Flow 19-1700] Loaded user IP repository 'c:/dkaputa/courses/563-embeddesSystemsDesignTwo_2025/lecture17/rgbFilter/hdl_prj/vivado_ip_prj/ipcore'.
INFO: [IP_Flow 19-2313] Loaded Vivado IP repository 'C:/Xilinx/Vivado/2019.1/data/ip'.
WARNING: [IP_Flow 19-4995] The host OS only allows 260 characters in a normal path. The IP cache path is more than 80 characters. If you experience issues with IP caching, please consider changing the IP cache to a location with a shorter path. Alternately consider using the OS subst command to map part of the path to a drive letter. 
Current IP cache path is C:/dkaputa/courses/563-embeddesSystemsDesignTwo_2025/lecture17/rgbFilter/hdl_prj/vivado_ip_prj/vivado_prj.cache/ip 
Command: link_design -top design_1_wrapper -part xc7z020clg400-3
Design is defaulting to srcset: sources_1
Design is defaulting to constrset: constrs_1
INFO: [Device 21-403] Loading part xc7z020clg400-3
INFO: [Netlist 29-17] Analyzing 747 Unisim elements for replacement
INFO: [Netlist 29-28] Unisim Transformation completed in 0 CPU seconds
INFO: [Project 1-479] Netlist was created with Vivado 2019.1
INFO: [Project 1-570] Preparing netlist for logic optimization
Parsing XDC File [c:/dkaputa/courses/563-embeddesSystemsDesignTwo_2025/lecture17/rgbFilter/hdl_prj/vivado_ip_prj/src/design_1/ip/design_1_axi_vdma_1_0/design_1_axi_vdma_1_0.xdc] for cell 'design_1_i/axi_vdma_1/U0'
WARNING: [Vivado_Tcl 4-921] Waiver ID 'CDC-4' -to list should not be empty. [c:/dkaputa/courses/563-embeddesSystemsDesignTwo_2025/lecture17/rgbFilter/hdl_prj/vivado_ip_prj/src/design_1/ip/design_1_axi_vdma_1_0/design_1_axi_vdma_1_0.xdc:60]
WARNING: [Vivado_Tcl 4-921] Waiver ID 'CDC-4' -to list should not be empty. [c:/dkaputa/courses/563-embeddesSystemsDesignTwo_2025/lecture17/rgbFilter/hdl_prj/vivado_ip_prj/src/design_1/ip/design_1_axi_vdma_1_0/design_1_axi_vdma_1_0.xdc:64]
WARNING: [Vivado_Tcl 4-921] Waiver ID 'CDC-4' -to list should not be empty. [c:/dkaputa/courses/563-embeddesSystemsDesignTwo_2025/lecture17/rgbFilter/hdl_prj/vivado_ip_prj/src/design_1/ip/design_1_axi_vdma_1_0/design_1_axi_vdma_1_0.xdc:68]
WARNING: [Vivado_Tcl 4-921] Waiver ID 'CDC-4' -to list should not be empty. [c:/dkaputa/courses/563-embeddesSystemsDesignTwo_2025/lecture17/rgbFilter/hdl_prj/vivado_ip_prj/src/design_1/ip/design_1_axi_vdma_1_0/design_1_axi_vdma_1_0.xdc:72]
WARNING: [Vivado_Tcl 4-921] Waiver ID 'CDC-4' -to list should not be empty. [c:/dkaputa/courses/563-embeddesSystemsDesignTwo_2025/lecture17/rgbFilter/hdl_prj/vivado_ip_prj/src/design_1/ip/design_1_axi_vdma_1_0/design_1_axi_vdma_1_0.xdc:76]
WARNING: [Vivado_Tcl 4-921] Waiver ID 'CDC-4' -to list should not be empty. [c:/dkaputa/courses/563-embeddesSystemsDesignTwo_2025/lecture17/rgbFilter/hdl_prj/vivado_ip_prj/src/design_1/ip/design_1_axi_vdma_1_0/design_1_axi_vdma_1_0.xdc:80]
WARNING: [Vivado_Tcl 4-935] Waiver ID 'CDC-4' is a duplicate and will not be added again. [c:/dkaputa/courses/563-embeddesSystemsDesignTwo_2025/lecture17/rgbFilter/hdl_prj/vivado_ip_prj/src/design_1/ip/design_1_axi_vdma_1_0/design_1_axi_vdma_1_0.xdc:88]
WARNING: [Vivado_Tcl 4-921] Waiver ID 'CDC-4' -to list should not be empty. [c:/dkaputa/courses/563-embeddesSystemsDesignTwo_2025/lecture17/rgbFilter/hdl_prj/vivado_ip_prj/src/design_1/ip/design_1_axi_vdma_1_0/design_1_axi_vdma_1_0.xdc:104]
WARNING: [Vivado_Tcl 4-921] Waiver ID 'CDC-4' -to list should not be empty. [c:/dkaputa/courses/563-embeddesSystemsDesignTwo_2025/lecture17/rgbFilter/hdl_prj/vivado_ip_prj/src/design_1/ip/design_1_axi_vdma_1_0/design_1_axi_vdma_1_0.xdc:120]
WARNING: [Vivado_Tcl 4-921] Waiver ID 'CDC-4' -to list should not be empty. [c:/dkaputa/courses/563-embeddesSystemsDesignTwo_2025/lecture17/rgbFilter/hdl_prj/vivado_ip_prj/src/design_1/ip/design_1_axi_vdma_1_0/design_1_axi_vdma_1_0.xdc:124]
WARNING: [Vivado_Tcl 4-921] Waiver ID 'CDC-4' -to list should not be empty. [c:/dkaputa/courses/563-embeddesSystemsDesignTwo_2025/lecture17/rgbFilter/hdl_prj/vivado_ip_prj/src/design_1/ip/design_1_axi_vdma_1_0/design_1_axi_vdma_1_0.xdc:148]
WARNING: [Vivado_Tcl 4-921] Waiver ID 'CDC-4' -to list should not be empty. [c:/dkaputa/courses/563-embeddesSystemsDesignTwo_2025/lecture17/rgbFilter/hdl_prj/vivado_ip_prj/src/design_1/ip/design_1_axi_vdma_1_0/design_1_axi_vdma_1_0.xdc:152]
WARNING: [Vivado_Tcl 4-921] Waiver ID 'CDC-4' -to list should not be empty. [c:/dkaputa/courses/563-embeddesSystemsDesignTwo_2025/lecture17/rgbFilter/hdl_prj/vivado_ip_prj/src/design_1/ip/design_1_axi_vdma_1_0/design_1_axi_vdma_1_0.xdc:156]
WARNING: [Vivado_Tcl 4-921] Waiver ID 'CDC-4' -to list should not be empty. [c:/dkaputa/courses/563-embeddesSystemsDesignTwo_2025/lecture17/rgbFilter/hdl_prj/vivado_ip_prj/src/design_1/ip/design_1_axi_vdma_1_0/design_1_axi_vdma_1_0.xdc:160]
WARNING: [Vivado_Tcl 4-921] Waiver ID 'CDC-4' -to list should not be empty. [c:/dkaputa/courses/563-embeddesSystemsDesignTwo_2025/lecture17/rgbFilter/hdl_prj/vivado_ip_prj/src/design_1/ip/design_1_axi_vdma_1_0/design_1_axi_vdma_1_0.xdc:164]
WARNING: [Vivado_Tcl 4-921] Waiver ID 'CDC-4' -to list should not be empty. [c:/dkaputa/courses/563-embeddesSystemsDesignTwo_2025/lecture17/rgbFilter/hdl_prj/vivado_ip_prj/src/design_1/ip/design_1_axi_vdma_1_0/design_1_axi_vdma_1_0.xdc:168]
WARNING: [Vivado_Tcl 4-921] Waiver ID 'CDC-1' -to list should not be empty. [c:/dkaputa/courses/563-embeddesSystemsDesignTwo_2025/lecture17/rgbFilter/hdl_prj/vivado_ip_prj/src/design_1/ip/design_1_axi_vdma_1_0/design_1_axi_vdma_1_0.xdc:172]
WARNING: [Vivado_Tcl 4-921] Waiver ID 'CDC-6' -to list should not be empty. [c:/dkaputa/courses/563-embeddesSystemsDesignTwo_2025/lecture17/rgbFilter/hdl_prj/vivado_ip_prj/src/design_1/ip/design_1_axi_vdma_1_0/design_1_axi_vdma_1_0.xdc:176]
WARNING: [Vivado_Tcl 4-921] Waiver ID 'CDC-6' -to list should not be empty. [c:/dkaputa/courses/563-embeddesSystemsDesignTwo_2025/lecture17/rgbFilter/hdl_prj/vivado_ip_prj/src/design_1/ip/design_1_axi_vdma_1_0/design_1_axi_vdma_1_0.xdc:180]
WARNING: [Vivado_Tcl 4-921] Waiver ID 'CDC-6' -to list should not be empty. [c:/dkaputa/courses/563-embeddesSystemsDesignTwo_2025/lecture17/rgbFilter/hdl_prj/vivado_ip_prj/src/design_1/ip/design_1_axi_vdma_1_0/design_1_axi_vdma_1_0.xdc:184]
WARNING: [Vivado_Tcl 4-921] Waiver ID 'CDC-6' -to list should not be empty. [c:/dkaputa/courses/563-embeddesSystemsDesignTwo_2025/lecture17/rgbFilter/hdl_prj/vivado_ip_prj/src/design_1/ip/design_1_axi_vdma_1_0/design_1_axi_vdma_1_0.xdc:188]
WARNING: [Vivado_Tcl 4-921] Waiver ID 'CDC-6' -to list should not be empty. [c:/dkaputa/courses/563-embeddesSystemsDesignTwo_2025/lecture17/rgbFilter/hdl_prj/vivado_ip_prj/src/design_1/ip/design_1_axi_vdma_1_0/design_1_axi_vdma_1_0.xdc:192]
WARNING: [Vivado_Tcl 4-921] Waiver ID 'CDC-6' -to list should not be empty. [c:/dkaputa/courses/563-embeddesSystemsDesignTwo_2025/lecture17/rgbFilter/hdl_prj/vivado_ip_prj/src/design_1/ip/design_1_axi_vdma_1_0/design_1_axi_vdma_1_0.xdc:196]
WARNING: [Vivado_Tcl 4-921] Waiver ID 'CDC-6' -to list should not be empty. [c:/dkaputa/courses/563-embeddesSystemsDesignTwo_2025/lecture17/rgbFilter/hdl_prj/vivado_ip_prj/src/design_1/ip/design_1_axi_vdma_1_0/design_1_axi_vdma_1_0.xdc:200]
WARNING: [Vivado_Tcl 4-921] Waiver ID 'CDC-6' -to list should not be empty. [c:/dkaputa/courses/563-embeddesSystemsDesignTwo_2025/lecture17/rgbFilter/hdl_prj/vivado_ip_prj/src/design_1/ip/design_1_axi_vdma_1_0/design_1_axi_vdma_1_0.xdc:204]
Finished Parsing XDC File [c:/dkaputa/courses/563-embeddesSystemsDesignTwo_2025/lecture17/rgbFilter/hdl_prj/vivado_ip_prj/src/design_1/ip/design_1_axi_vdma_1_0/design_1_axi_vdma_1_0.xdc] for cell 'design_1_i/axi_vdma_1/U0'
Parsing XDC File [c:/dkaputa/courses/563-embeddesSystemsDesignTwo_2025/lecture17/rgbFilter/hdl_prj/vivado_ip_prj/src/design_1/ip/design_1_axi_vdma_2_0/design_1_axi_vdma_2_0.xdc] for cell 'design_1_i/axi_vdma_2/U0'
WARNING: [Vivado_Tcl 4-921] Waiver ID 'CDC-4' -to list should not be empty. [c:/dkaputa/courses/563-embeddesSystemsDesignTwo_2025/lecture17/rgbFilter/hdl_prj/vivado_ip_prj/src/design_1/ip/design_1_axi_vdma_2_0/design_1_axi_vdma_2_0.xdc:60]
WARNING: [Vivado_Tcl 4-921] Waiver ID 'CDC-4' -to list should not be empty. [c:/dkaputa/courses/563-embeddesSystemsDesignTwo_2025/lecture17/rgbFilter/hdl_prj/vivado_ip_prj/src/design_1/ip/design_1_axi_vdma_2_0/design_1_axi_vdma_2_0.xdc:64]
WARNING: [Vivado_Tcl 4-921] Waiver ID 'CDC-4' -to list should not be empty. [c:/dkaputa/courses/563-embeddesSystemsDesignTwo_2025/lecture17/rgbFilter/hdl_prj/vivado_ip_prj/src/design_1/ip/design_1_axi_vdma_2_0/design_1_axi_vdma_2_0.xdc:68]
WARNING: [Vivado_Tcl 4-921] Waiver ID 'CDC-4' -to list should not be empty. [c:/dkaputa/courses/563-embeddesSystemsDesignTwo_2025/lecture17/rgbFilter/hdl_prj/vivado_ip_prj/src/design_1/ip/design_1_axi_vdma_2_0/design_1_axi_vdma_2_0.xdc:72]
WARNING: [Vivado_Tcl 4-921] Waiver ID 'CDC-4' -to list should not be empty. [c:/dkaputa/courses/563-embeddesSystemsDesignTwo_2025/lecture17/rgbFilter/hdl_prj/vivado_ip_prj/src/design_1/ip/design_1_axi_vdma_2_0/design_1_axi_vdma_2_0.xdc:76]
WARNING: [Vivado_Tcl 4-921] Waiver ID 'CDC-4' -to list should not be empty. [c:/dkaputa/courses/563-embeddesSystemsDesignTwo_2025/lecture17/rgbFilter/hdl_prj/vivado_ip_prj/src/design_1/ip/design_1_axi_vdma_2_0/design_1_axi_vdma_2_0.xdc:80]
WARNING: [Vivado_Tcl 4-935] Waiver ID 'CDC-4' is a duplicate and will not be added again. [c:/dkaputa/courses/563-embeddesSystemsDesignTwo_2025/lecture17/rgbFilter/hdl_prj/vivado_ip_prj/src/design_1/ip/design_1_axi_vdma_2_0/design_1_axi_vdma_2_0.xdc:88]
WARNING: [Vivado_Tcl 4-921] Waiver ID 'CDC-4' -to list should not be empty. [c:/dkaputa/courses/563-embeddesSystemsDesignTwo_2025/lecture17/rgbFilter/hdl_prj/vivado_ip_prj/src/design_1/ip/design_1_axi_vdma_2_0/design_1_axi_vdma_2_0.xdc:104]
WARNING: [Vivado_Tcl 4-921] Waiver ID 'CDC-4' -to list should not be empty. [c:/dkaputa/courses/563-embeddesSystemsDesignTwo_2025/lecture17/rgbFilter/hdl_prj/vivado_ip_prj/src/design_1/ip/design_1_axi_vdma_2_0/design_1_axi_vdma_2_0.xdc:120]
WARNING: [Vivado_Tcl 4-921] Waiver ID 'CDC-4' -to list should not be empty. [c:/dkaputa/courses/563-embeddesSystemsDesignTwo_2025/lecture17/rgbFilter/hdl_prj/vivado_ip_prj/src/design_1/ip/design_1_axi_vdma_2_0/design_1_axi_vdma_2_0.xdc:124]
WARNING: [Vivado_Tcl 4-921] Waiver ID 'CDC-4' -to list should not be empty. [c:/dkaputa/courses/563-embeddesSystemsDesignTwo_2025/lecture17/rgbFilter/hdl_prj/vivado_ip_prj/src/design_1/ip/design_1_axi_vdma_2_0/design_1_axi_vdma_2_0.xdc:148]
WARNING: [Vivado_Tcl 4-921] Waiver ID 'CDC-4' -to list should not be empty. [c:/dkaputa/courses/563-embeddesSystemsDesignTwo_2025/lecture17/rgbFilter/hdl_prj/vivado_ip_prj/src/design_1/ip/design_1_axi_vdma_2_0/design_1_axi_vdma_2_0.xdc:152]
WARNING: [Vivado_Tcl 4-921] Waiver ID 'CDC-4' -to list should not be empty. [c:/dkaputa/courses/563-embeddesSystemsDesignTwo_2025/lecture17/rgbFilter/hdl_prj/vivado_ip_prj/src/design_1/ip/design_1_axi_vdma_2_0/design_1_axi_vdma_2_0.xdc:156]
WARNING: [Vivado_Tcl 4-921] Waiver ID 'CDC-4' -to list should not be empty. [c:/dkaputa/courses/563-embeddesSystemsDesignTwo_2025/lecture17/rgbFilter/hdl_prj/vivado_ip_prj/src/design_1/ip/design_1_axi_vdma_2_0/design_1_axi_vdma_2_0.xdc:160]
WARNING: [Vivado_Tcl 4-921] Waiver ID 'CDC-4' -to list should not be empty. [c:/dkaputa/courses/563-embeddesSystemsDesignTwo_2025/lecture17/rgbFilter/hdl_prj/vivado_ip_prj/src/design_1/ip/design_1_axi_vdma_2_0/design_1_axi_vdma_2_0.xdc:164]
WARNING: [Vivado_Tcl 4-921] Waiver ID 'CDC-4' -to list should not be empty. [c:/dkaputa/courses/563-embeddesSystemsDesignTwo_2025/lecture17/rgbFilter/hdl_prj/vivado_ip_prj/src/design_1/ip/design_1_axi_vdma_2_0/design_1_axi_vdma_2_0.xdc:168]
WARNING: [Vivado_Tcl 4-921] Waiver ID 'CDC-1' -to list should not be empty. [c:/dkaputa/courses/563-embeddesSystemsDesignTwo_2025/lecture17/rgbFilter/hdl_prj/vivado_ip_prj/src/design_1/ip/design_1_axi_vdma_2_0/design_1_axi_vdma_2_0.xdc:172]
WARNING: [Vivado_Tcl 4-921] Waiver ID 'CDC-6' -to list should not be empty. [c:/dkaputa/courses/563-embeddesSystemsDesignTwo_2025/lecture17/rgbFilter/hdl_prj/vivado_ip_prj/src/design_1/ip/design_1_axi_vdma_2_0/design_1_axi_vdma_2_0.xdc:176]
WARNING: [Vivado_Tcl 4-921] Waiver ID 'CDC-6' -to list should not be empty. [c:/dkaputa/courses/563-embeddesSystemsDesignTwo_2025/lecture17/rgbFilter/hdl_prj/vivado_ip_prj/src/design_1/ip/design_1_axi_vdma_2_0/design_1_axi_vdma_2_0.xdc:180]
WARNING: [Vivado_Tcl 4-921] Waiver ID 'CDC-6' -to list should not be empty. [c:/dkaputa/courses/563-embeddesSystemsDesignTwo_2025/lecture17/rgbFilter/hdl_prj/vivado_ip_prj/src/design_1/ip/design_1_axi_vdma_2_0/design_1_axi_vdma_2_0.xdc:184]
WARNING: [Vivado_Tcl 4-921] Waiver ID 'CDC-6' -to list should not be empty. [c:/dkaputa/courses/563-embeddesSystemsDesignTwo_2025/lecture17/rgbFilter/hdl_prj/vivado_ip_prj/src/design_1/ip/design_1_axi_vdma_2_0/design_1_axi_vdma_2_0.xdc:188]
WARNING: [Vivado_Tcl 4-921] Waiver ID 'CDC-6' -to list should not be empty. [c:/dkaputa/courses/563-embeddesSystemsDesignTwo_2025/lecture17/rgbFilter/hdl_prj/vivado_ip_prj/src/design_1/ip/design_1_axi_vdma_2_0/design_1_axi_vdma_2_0.xdc:192]
WARNING: [Vivado_Tcl 4-921] Waiver ID 'CDC-6' -to list should not be empty. [c:/dkaputa/courses/563-embeddesSystemsDesignTwo_2025/lecture17/rgbFilter/hdl_prj/vivado_ip_prj/src/design_1/ip/design_1_axi_vdma_2_0/design_1_axi_vdma_2_0.xdc:196]
WARNING: [Vivado_Tcl 4-921] Waiver ID 'CDC-6' -to list should not be empty. [c:/dkaputa/courses/563-embeddesSystemsDesignTwo_2025/lecture17/rgbFilter/hdl_prj/vivado_ip_prj/src/design_1/ip/design_1_axi_vdma_2_0/design_1_axi_vdma_2_0.xdc:200]
WARNING: [Vivado_Tcl 4-921] Waiver ID 'CDC-6' -to list should not be empty. [c:/dkaputa/courses/563-embeddesSystemsDesignTwo_2025/lecture17/rgbFilter/hdl_prj/vivado_ip_prj/src/design_1/ip/design_1_axi_vdma_2_0/design_1_axi_vdma_2_0.xdc:204]
Finished Parsing XDC File [c:/dkaputa/courses/563-embeddesSystemsDesignTwo_2025/lecture17/rgbFilter/hdl_prj/vivado_ip_prj/src/design_1/ip/design_1_axi_vdma_2_0/design_1_axi_vdma_2_0.xdc] for cell 'design_1_i/axi_vdma_2/U0'
Parsing XDC File [c:/dkaputa/courses/563-embeddesSystemsDesignTwo_2025/lecture17/rgbFilter/hdl_prj/vivado_ip_prj/src/design_1/ip/design_1_axi_vdma_3_0/design_1_axi_vdma_3_0.xdc] for cell 'design_1_i/axi_vdma_3/U0'
WARNING: [Vivado_Tcl 4-921] Waiver ID 'CDC-4' -to list should not be empty. [c:/dkaputa/courses/563-embeddesSystemsDesignTwo_2025/lecture17/rgbFilter/hdl_prj/vivado_ip_prj/src/design_1/ip/design_1_axi_vdma_3_0/design_1_axi_vdma_3_0.xdc:60]
WARNING: [Vivado_Tcl 4-921] Waiver ID 'CDC-4' -to list should not be empty. [c:/dkaputa/courses/563-embeddesSystemsDesignTwo_2025/lecture17/rgbFilter/hdl_prj/vivado_ip_prj/src/design_1/ip/design_1_axi_vdma_3_0/design_1_axi_vdma_3_0.xdc:64]
WARNING: [Vivado_Tcl 4-921] Waiver ID 'CDC-4' -to list should not be empty. [c:/dkaputa/courses/563-embeddesSystemsDesignTwo_2025/lecture17/rgbFilter/hdl_prj/vivado_ip_prj/src/design_1/ip/design_1_axi_vdma_3_0/design_1_axi_vdma_3_0.xdc:84]
WARNING: [Vivado_Tcl 4-921] Waiver ID 'CDC-4' -to list should not be empty. [c:/dkaputa/courses/563-embeddesSystemsDesignTwo_2025/lecture17/rgbFilter/hdl_prj/vivado_ip_prj/src/design_1/ip/design_1_axi_vdma_3_0/design_1_axi_vdma_3_0.xdc:88]
WARNING: [Vivado_Tcl 4-921] Waiver ID 'CDC-4' -to list should not be empty. [c:/dkaputa/courses/563-embeddesSystemsDesignTwo_2025/lecture17/rgbFilter/hdl_prj/vivado_ip_prj/src/design_1/ip/design_1_axi_vdma_3_0/design_1_axi_vdma_3_0.xdc:92]
WARNING: [Vivado_Tcl 4-921] Waiver ID 'CDC-4' -to list should not be empty. [c:/dkaputa/courses/563-embeddesSystemsDesignTwo_2025/lecture17/rgbFilter/hdl_prj/vivado_ip_prj/src/design_1/ip/design_1_axi_vdma_3_0/design_1_axi_vdma_3_0.xdc:96]
WARNING: [Vivado_Tcl 4-921] Waiver ID 'CDC-4' -to list should not be empty. [c:/dkaputa/courses/563-embeddesSystemsDesignTwo_2025/lecture17/rgbFilter/hdl_prj/vivado_ip_prj/src/design_1/ip/design_1_axi_vdma_3_0/design_1_axi_vdma_3_0.xdc:100]
WARNING: [Vivado_Tcl 4-921] Waiver ID 'CDC-4' -to list should not be empty. [c:/dkaputa/courses/563-embeddesSystemsDesignTwo_2025/lecture17/rgbFilter/hdl_prj/vivado_ip_prj/src/design_1/ip/design_1_axi_vdma_3_0/design_1_axi_vdma_3_0.xdc:108]
WARNING: [Vivado_Tcl 4-921] Waiver ID 'CDC-4' -to list should not be empty. [c:/dkaputa/courses/563-embeddesSystemsDesignTwo_2025/lecture17/rgbFilter/hdl_prj/vivado_ip_prj/src/design_1/ip/design_1_axi_vdma_3_0/design_1_axi_vdma_3_0.xdc:112]
WARNING: [Vivado_Tcl 4-921] Waiver ID 'CDC-1' -to list should not be empty. [c:/dkaputa/courses/563-embeddesSystemsDesignTwo_2025/lecture17/rgbFilter/hdl_prj/vivado_ip_prj/src/design_1/ip/design_1_axi_vdma_3_0/design_1_axi_vdma_3_0.xdc:116]
WARNING: [Vivado_Tcl 4-921] Waiver ID 'CDC-4' -to list should not be empty. [c:/dkaputa/courses/563-embeddesSystemsDesignTwo_2025/lecture17/rgbFilter/hdl_prj/vivado_ip_prj/src/design_1/ip/design_1_axi_vdma_3_0/design_1_axi_vdma_3_0.xdc:128]
WARNING: [Vivado_Tcl 4-921] Waiver ID 'CDC-4' -to list should not be empty. [c:/dkaputa/courses/563-embeddesSystemsDesignTwo_2025/lecture17/rgbFilter/hdl_prj/vivado_ip_prj/src/design_1/ip/design_1_axi_vdma_3_0/design_1_axi_vdma_3_0.xdc:132]
WARNING: [Vivado_Tcl 4-921] Waiver ID 'CDC-1' -to list should not be empty. [c:/dkaputa/courses/563-embeddesSystemsDesignTwo_2025/lecture17/rgbFilter/hdl_prj/vivado_ip_prj/src/design_1/ip/design_1_axi_vdma_3_0/design_1_axi_vdma_3_0.xdc:136]
WARNING: [Vivado_Tcl 4-921] Waiver ID 'CDC-4' -to list should not be empty. [c:/dkaputa/courses/563-embeddesSystemsDesignTwo_2025/lecture17/rgbFilter/hdl_prj/vivado_ip_prj/src/design_1/ip/design_1_axi_vdma_3_0/design_1_axi_vdma_3_0.xdc:140]
WARNING: [Vivado_Tcl 4-921] Waiver ID 'CDC-4' -to list should not be empty. [c:/dkaputa/courses/563-embeddesSystemsDesignTwo_2025/lecture17/rgbFilter/hdl_prj/vivado_ip_prj/src/design_1/ip/design_1_axi_vdma_3_0/design_1_axi_vdma_3_0.xdc:144]
WARNING: [Vivado_Tcl 4-921] Waiver ID 'CDC-4' -to list should not be empty. [c:/dkaputa/courses/563-embeddesSystemsDesignTwo_2025/lecture17/rgbFilter/hdl_prj/vivado_ip_prj/src/design_1/ip/design_1_axi_vdma_3_0/design_1_axi_vdma_3_0.xdc:148]
WARNING: [Vivado_Tcl 4-921] Waiver ID 'CDC-4' -to list should not be empty. [c:/dkaputa/courses/563-embeddesSystemsDesignTwo_2025/lecture17/rgbFilter/hdl_prj/vivado_ip_prj/src/design_1/ip/design_1_axi_vdma_3_0/design_1_axi_vdma_3_0.xdc:152]
WARNING: [Vivado_Tcl 4-921] Waiver ID 'CDC-4' -to list should not be empty. [c:/dkaputa/courses/563-embeddesSystemsDesignTwo_2025/lecture17/rgbFilter/hdl_prj/vivado_ip_prj/src/design_1/ip/design_1_axi_vdma_3_0/design_1_axi_vdma_3_0.xdc:156]
WARNING: [Vivado_Tcl 4-921] Waiver ID 'CDC-4' -to list should not be empty. [c:/dkaputa/courses/563-embeddesSystemsDesignTwo_2025/lecture17/rgbFilter/hdl_prj/vivado_ip_prj/src/design_1/ip/design_1_axi_vdma_3_0/design_1_axi_vdma_3_0.xdc:160]
WARNING: [Vivado_Tcl 4-921] Waiver ID 'CDC-4' -to list should not be empty. [c:/dkaputa/courses/563-embeddesSystemsDesignTwo_2025/lecture17/rgbFilter/hdl_prj/vivado_ip_prj/src/design_1/ip/design_1_axi_vdma_3_0/design_1_axi_vdma_3_0.xdc:164]
WARNING: [Vivado_Tcl 4-921] Waiver ID 'CDC-4' -to list should not be empty. [c:/dkaputa/courses/563-embeddesSystemsDesignTwo_2025/lecture17/rgbFilter/hdl_prj/vivado_ip_prj/src/design_1/ip/design_1_axi_vdma_3_0/design_1_axi_vdma_3_0.xdc:168]
WARNING: [Vivado_Tcl 4-921] Waiver ID 'CDC-6' -to list should not be empty. [c:/dkaputa/courses/563-embeddesSystemsDesignTwo_2025/lecture17/rgbFilter/hdl_prj/vivado_ip_prj/src/design_1/ip/design_1_axi_vdma_3_0/design_1_axi_vdma_3_0.xdc:176]
WARNING: [Vivado_Tcl 4-921] Waiver ID 'CDC-6' -to list should not be empty. [c:/dkaputa/courses/563-embeddesSystemsDesignTwo_2025/lecture17/rgbFilter/hdl_prj/vivado_ip_prj/src/design_1/ip/design_1_axi_vdma_3_0/design_1_axi_vdma_3_0.xdc:180]
WARNING: [Vivado_Tcl 4-921] Waiver ID 'CDC-6' -to list should not be empty. [c:/dkaputa/courses/563-embeddesSystemsDesignTwo_2025/lecture17/rgbFilter/hdl_prj/vivado_ip_prj/src/design_1/ip/design_1_axi_vdma_3_0/design_1_axi_vdma_3_0.xdc:184]
WARNING: [Vivado_Tcl 4-921] Waiver ID 'CDC-6' -to list should not be empty. [c:/dkaputa/courses/563-embeddesSystemsDesignTwo_2025/lecture17/rgbFilter/hdl_prj/vivado_ip_prj/src/design_1/ip/design_1_axi_vdma_3_0/design_1_axi_vdma_3_0.xdc:188]
WARNING: [Vivado_Tcl 4-921] Waiver ID 'CDC-6' -to list should not be empty. [c:/dkaputa/courses/563-embeddesSystemsDesignTwo_2025/lecture17/rgbFilter/hdl_prj/vivado_ip_prj/src/design_1/ip/design_1_axi_vdma_3_0/design_1_axi_vdma_3_0.xdc:192]
WARNING: [Vivado_Tcl 4-921] Waiver ID 'CDC-6' -to list should not be empty. [c:/dkaputa/courses/563-embeddesSystemsDesignTwo_2025/lecture17/rgbFilter/hdl_prj/vivado_ip_prj/src/design_1/ip/design_1_axi_vdma_3_0/design_1_axi_vdma_3_0.xdc:196]
WARNING: [Vivado_Tcl 4-921] Waiver ID 'CDC-6' -to list should not be empty. [c:/dkaputa/courses/563-embeddesSystemsDesignTwo_2025/lecture17/rgbFilter/hdl_prj/vivado_ip_prj/src/design_1/ip/design_1_axi_vdma_3_0/design_1_axi_vdma_3_0.xdc:200]
WARNING: [Vivado_Tcl 4-921] Waiver ID 'CDC-6' -to list should not be empty. [c:/dkaputa/courses/563-embeddesSystemsDesignTwo_2025/lecture17/rgbFilter/hdl_prj/vivado_ip_prj/src/design_1/ip/design_1_axi_vdma_3_0/design_1_axi_vdma_3_0.xdc:204]
Finished Parsing XDC File [c:/dkaputa/courses/563-embeddesSystemsDesignTwo_2025/lecture17/rgbFilter/hdl_prj/vivado_ip_prj/src/design_1/ip/design_1_axi_vdma_3_0/design_1_axi_vdma_3_0.xdc] for cell 'design_1_i/axi_vdma_3/U0'
Parsing XDC File [c:/dkaputa/courses/563-embeddesSystemsDesignTwo_2025/lecture17/rgbFilter/hdl_prj/vivado_ip_prj/src/design_1/ip/design_1_processing_system7_0_0/design_1_processing_system7_0_0.xdc] for cell 'design_1_i/processing_system7_0/inst'
Finished Parsing XDC File [c:/dkaputa/courses/563-embeddesSystemsDesignTwo_2025/lecture17/rgbFilter/hdl_prj/vivado_ip_prj/src/design_1/ip/design_1_processing_system7_0_0/design_1_processing_system7_0_0.xdc] for cell 'design_1_i/processing_system7_0/inst'
Parsing XDC File [c:/dkaputa/courses/563-embeddesSystemsDesignTwo_2025/lecture17/rgbFilter/hdl_prj/vivado_ip_prj/src/design_1/ip/design_1_rst_ps7_0_50M_0/design_1_rst_ps7_0_50M_0_board.xdc] for cell 'design_1_i/rst_ps7_0_50M/U0'
Finished Parsing XDC File [c:/dkaputa/courses/563-embeddesSystemsDesignTwo_2025/lecture17/rgbFilter/hdl_prj/vivado_ip_prj/src/design_1/ip/design_1_rst_ps7_0_50M_0/design_1_rst_ps7_0_50M_0_board.xdc] for cell 'design_1_i/rst_ps7_0_50M/U0'
Parsing XDC File [c:/dkaputa/courses/563-embeddesSystemsDesignTwo_2025/lecture17/rgbFilter/hdl_prj/vivado_ip_prj/src/design_1/ip/design_1_rst_ps7_0_50M_0/design_1_rst_ps7_0_50M_0.xdc] for cell 'design_1_i/rst_ps7_0_50M/U0'
Finished Parsing XDC File [c:/dkaputa/courses/563-embeddesSystemsDesignTwo_2025/lecture17/rgbFilter/hdl_prj/vivado_ip_prj/src/design_1/ip/design_1_rst_ps7_0_50M_0/design_1_rst_ps7_0_50M_0.xdc] for cell 'design_1_i/rst_ps7_0_50M/U0'
Parsing XDC File [c:/dkaputa/courses/563-embeddesSystemsDesignTwo_2025/lecture17/rgbFilter/hdl_prj/vivado_ip_prj/src/design_1/ip/design_1_smartconnect_0_0/bd_0/ip/ip_1/bd_48ac_psr_aclk_0_board.xdc] for cell 'design_1_i/smartconnect_0/inst/clk_map/psr_aclk/U0'
Finished Parsing XDC File [c:/dkaputa/courses/563-embeddesSystemsDesignTwo_2025/lecture17/rgbFilter/hdl_prj/vivado_ip_prj/src/design_1/ip/design_1_smartconnect_0_0/bd_0/ip/ip_1/bd_48ac_psr_aclk_0_board.xdc] for cell 'design_1_i/smartconnect_0/inst/clk_map/psr_aclk/U0'
Parsing XDC File [c:/dkaputa/courses/563-embeddesSystemsDesignTwo_2025/lecture17/rgbFilter/hdl_prj/vivado_ip_prj/src/design_1/ip/design_1_smartconnect_0_0/bd_0/ip/ip_1/bd_48ac_psr_aclk_0.xdc] for cell 'design_1_i/smartconnect_0/inst/clk_map/psr_aclk/U0'
Finished Parsing XDC File [c:/dkaputa/courses/563-embeddesSystemsDesignTwo_2025/lecture17/rgbFilter/hdl_prj/vivado_ip_prj/src/design_1/ip/design_1_smartconnect_0_0/bd_0/ip/ip_1/bd_48ac_psr_aclk_0.xdc] for cell 'design_1_i/smartconnect_0/inst/clk_map/psr_aclk/U0'
Parsing XDC File [c:/dkaputa/courses/563-embeddesSystemsDesignTwo_2025/lecture17/rgbFilter/hdl_prj/vivado_ip_prj/src/design_1/ip/design_1_smartconnect_1_0/bd_0/ip/ip_1/bd_88fd_psr_aclk_0_board.xdc] for cell 'design_1_i/smartconnect_1/inst/clk_map/psr_aclk/U0'
Finished Parsing XDC File [c:/dkaputa/courses/563-embeddesSystemsDesignTwo_2025/lecture17/rgbFilter/hdl_prj/vivado_ip_prj/src/design_1/ip/design_1_smartconnect_1_0/bd_0/ip/ip_1/bd_88fd_psr_aclk_0_board.xdc] for cell 'design_1_i/smartconnect_1/inst/clk_map/psr_aclk/U0'
Parsing XDC File [c:/dkaputa/courses/563-embeddesSystemsDesignTwo_2025/lecture17/rgbFilter/hdl_prj/vivado_ip_prj/src/design_1/ip/design_1_smartconnect_1_0/bd_0/ip/ip_1/bd_88fd_psr_aclk_0.xdc] for cell 'design_1_i/smartconnect_1/inst/clk_map/psr_aclk/U0'
Finished Parsing XDC File [c:/dkaputa/courses/563-embeddesSystemsDesignTwo_2025/lecture17/rgbFilter/hdl_prj/vivado_ip_prj/src/design_1/ip/design_1_smartconnect_1_0/bd_0/ip/ip_1/bd_88fd_psr_aclk_0.xdc] for cell 'design_1_i/smartconnect_1/inst/clk_map/psr_aclk/U0'
Parsing XDC File [C:/dkaputa/courses/563-embeddesSystemsDesignTwo_2025/lecture17/rgbFilter/hdl_prj/vivado_ip_prj/constraints.xdc]
Finished Parsing XDC File [C:/dkaputa/courses/563-embeddesSystemsDesignTwo_2025/lecture17/rgbFilter/hdl_prj/vivado_ip_prj/constraints.xdc]
Parsing XDC File [c:/dkaputa/courses/563-embeddesSystemsDesignTwo_2025/lecture17/rgbFilter/hdl_prj/vivado_ip_prj/src/design_1/ip/design_1_axi_vdma_1_0/design_1_axi_vdma_1_0_clocks.xdc] for cell 'design_1_i/axi_vdma_1/U0'
Finished Parsing XDC File [c:/dkaputa/courses/563-embeddesSystemsDesignTwo_2025/lecture17/rgbFilter/hdl_prj/vivado_ip_prj/src/design_1/ip/design_1_axi_vdma_1_0/design_1_axi_vdma_1_0_clocks.xdc] for cell 'design_1_i/axi_vdma_1/U0'
Parsing XDC File [c:/dkaputa/courses/563-embeddesSystemsDesignTwo_2025/lecture17/rgbFilter/hdl_prj/vivado_ip_prj/src/design_1/ip/design_1_axi_vdma_2_0/design_1_axi_vdma_2_0_clocks.xdc] for cell 'design_1_i/axi_vdma_2/U0'
Finished Parsing XDC File [c:/dkaputa/courses/563-embeddesSystemsDesignTwo_2025/lecture17/rgbFilter/hdl_prj/vivado_ip_prj/src/design_1/ip/design_1_axi_vdma_2_0/design_1_axi_vdma_2_0_clocks.xdc] for cell 'design_1_i/axi_vdma_2/U0'
Parsing XDC File [c:/dkaputa/courses/563-embeddesSystemsDesignTwo_2025/lecture17/rgbFilter/hdl_prj/vivado_ip_prj/src/design_1/ip/design_1_axi_vdma_3_0/design_1_axi_vdma_3_0_clocks.xdc] for cell 'design_1_i/axi_vdma_3/U0'
Finished Parsing XDC File [c:/dkaputa/courses/563-embeddesSystemsDesignTwo_2025/lecture17/rgbFilter/hdl_prj/vivado_ip_prj/src/design_1/ip/design_1_axi_vdma_3_0/design_1_axi_vdma_3_0_clocks.xdc] for cell 'design_1_i/axi_vdma_3/U0'
Sourcing Tcl File [C:/Xilinx/Vivado/2019.1/data/ip/xpm/xpm_fifo/tcl/xpm_fifo_rst.tcl] for cell 'design_1_i/axi_vdma_2/U0/GEN_SPRT_FOR_S2MM.S2MM_LINEBUFFER_I/GEN_S2MM_FLUSH_SOF_LOGIC.GEN_LINEBUFFER_FLUSH_SOF.GEN_SYNC_FIFO_FLUSH_SOF.I_LINEBUFFER_FIFO/xpm_fifo_sync_inst'
Finished Sourcing Tcl File [C:/Xilinx/Vivado/2019.1/data/ip/xpm/xpm_fifo/tcl/xpm_fifo_rst.tcl] for cell 'design_1_i/axi_vdma_2/U0/GEN_SPRT_FOR_S2MM.S2MM_LINEBUFFER_I/GEN_S2MM_FLUSH_SOF_LOGIC.GEN_LINEBUFFER_FLUSH_SOF.GEN_SYNC_FIFO_FLUSH_SOF.I_LINEBUFFER_FIFO/xpm_fifo_sync_inst'
Sourcing Tcl File [C:/Xilinx/Vivado/2019.1/data/ip/xpm/xpm_fifo/tcl/xpm_fifo_rst.tcl] for cell 'design_1_i/axi_vdma_1/U0/GEN_SPRT_FOR_S2MM.S2MM_LINEBUFFER_I/GEN_S2MM_FLUSH_SOF_LOGIC.GEN_LINEBUFFER_FLUSH_SOF.GEN_SYNC_FIFO_FLUSH_SOF.I_LINEBUFFER_FIFO/xpm_fifo_sync_inst'
Finished Sourcing Tcl File [C:/Xilinx/Vivado/2019.1/data/ip/xpm/xpm_fifo/tcl/xpm_fifo_rst.tcl] for cell 'design_1_i/axi_vdma_1/U0/GEN_SPRT_FOR_S2MM.S2MM_LINEBUFFER_I/GEN_S2MM_FLUSH_SOF_LOGIC.GEN_LINEBUFFER_FLUSH_SOF.GEN_SYNC_FIFO_FLUSH_SOF.I_LINEBUFFER_FIFO/xpm_fifo_sync_inst'
Sourcing Tcl File [C:/Xilinx/Vivado/2019.1/data/ip/xpm/xpm_fifo/tcl/xpm_fifo_rst.tcl] for cell 'design_1_i/axi_vdma_2/U0/I_PRMRY_DATAMOVER/GEN_S2MM_FULL.I_S2MM_FULL_WRAPPER/GEN_ENABLE_INDET_BTT_SF.I_INDET_BTT/I_XD_FIFO/NON_BLK_MEM.I_SYNC_FIFOGEN_FIFO/xpm_fifo_instance.xpm_fifo_sync_inst'
Finished Sourcing Tcl File [C:/Xilinx/Vivado/2019.1/data/ip/xpm/xpm_fifo/tcl/xpm_fifo_rst.tcl] for cell 'design_1_i/axi_vdma_2/U0/I_PRMRY_DATAMOVER/GEN_S2MM_FULL.I_S2MM_FULL_WRAPPER/GEN_ENABLE_INDET_BTT_SF.I_INDET_BTT/I_XD_FIFO/NON_BLK_MEM.I_SYNC_FIFOGEN_FIFO/xpm_fifo_instance.xpm_fifo_sync_inst'
Sourcing Tcl File [C:/Xilinx/Vivado/2019.1/data/ip/xpm/xpm_fifo/tcl/xpm_fifo_rst.tcl] for cell 'design_1_i/axi_vdma_1/U0/I_PRMRY_DATAMOVER/GEN_S2MM_FULL.I_S2MM_FULL_WRAPPER/GEN_ENABLE_INDET_BTT_SF.I_INDET_BTT/I_XD_FIFO/NON_BLK_MEM.I_SYNC_FIFOGEN_FIFO/xpm_fifo_instance.xpm_fifo_sync_inst'
Finished Sourcing Tcl File [C:/Xilinx/Vivado/2019.1/data/ip/xpm/xpm_fifo/tcl/xpm_fifo_rst.tcl] for cell 'design_1_i/axi_vdma_1/U0/I_PRMRY_DATAMOVER/GEN_S2MM_FULL.I_S2MM_FULL_WRAPPER/GEN_ENABLE_INDET_BTT_SF.I_INDET_BTT/I_XD_FIFO/NON_BLK_MEM.I_SYNC_FIFOGEN_FIFO/xpm_fifo_instance.xpm_fifo_sync_inst'
Sourcing Tcl File [C:/Xilinx/Vivado/2019.1/data/ip/xpm/xpm_fifo/tcl/xpm_fifo_rst.tcl] for cell 'design_1_i/axi_vdma_2/U0/I_PRMRY_DATAMOVER/GEN_S2MM_FULL.I_S2MM_FULL_WRAPPER/GEN_ENABLE_INDET_BTT_SF.I_INDET_BTT/I_DATA_FIFO/BLK_MEM.I_SYNC_FIFOGEN_FIFO/xpm_fifo_instance.xpm_fifo_sync_inst'
Finished Sourcing Tcl File [C:/Xilinx/Vivado/2019.1/data/ip/xpm/xpm_fifo/tcl/xpm_fifo_rst.tcl] for cell 'design_1_i/axi_vdma_2/U0/I_PRMRY_DATAMOVER/GEN_S2MM_FULL.I_S2MM_FULL_WRAPPER/GEN_ENABLE_INDET_BTT_SF.I_INDET_BTT/I_DATA_FIFO/BLK_MEM.I_SYNC_FIFOGEN_FIFO/xpm_fifo_instance.xpm_fifo_sync_inst'
Sourcing Tcl File [C:/Xilinx/Vivado/2019.1/data/ip/xpm/xpm_fifo/tcl/xpm_fifo_rst.tcl] for cell 'design_1_i/axi_vdma_1/U0/I_PRMRY_DATAMOVER/GEN_S2MM_FULL.I_S2MM_FULL_WRAPPER/GEN_ENABLE_INDET_BTT_SF.I_INDET_BTT/I_DATA_FIFO/BLK_MEM.I_SYNC_FIFOGEN_FIFO/xpm_fifo_instance.xpm_fifo_sync_inst'
Finished Sourcing Tcl File [C:/Xilinx/Vivado/2019.1/data/ip/xpm/xpm_fifo/tcl/xpm_fifo_rst.tcl] for cell 'design_1_i/axi_vdma_1/U0/I_PRMRY_DATAMOVER/GEN_S2MM_FULL.I_S2MM_FULL_WRAPPER/GEN_ENABLE_INDET_BTT_SF.I_INDET_BTT/I_DATA_FIFO/BLK_MEM.I_SYNC_FIFOGEN_FIFO/xpm_fifo_instance.xpm_fifo_sync_inst'
Sourcing Tcl File [C:/Xilinx/Vivado/2019.1/data/ip/xpm/xpm_fifo/tcl/xpm_fifo_rst.tcl] for cell 'design_1_i/axi_vdma_3/U0/GEN_SPRT_FOR_MM2S.MM2S_LINEBUFFER_I/GEN_LINEBUF_FLUSH_SOF.GEN_LINEBUFFER.GEN_SYNC_FIFO.I_LINEBUFFER_FIFO/xpm_fifo_sync_inst'
Finished Sourcing Tcl File [C:/Xilinx/Vivado/2019.1/data/ip/xpm/xpm_fifo/tcl/xpm_fifo_rst.tcl] for cell 'design_1_i/axi_vdma_3/U0/GEN_SPRT_FOR_MM2S.MM2S_LINEBUFFER_I/GEN_LINEBUF_FLUSH_SOF.GEN_LINEBUFFER.GEN_SYNC_FIFO.I_LINEBUFFER_FIFO/xpm_fifo_sync_inst'
Sourcing Tcl File [C:/Xilinx/Vivado/2019.1/data/ip/xpm/xpm_memory/tcl/xpm_memory_xdc.tcl] for cell 'design_1_i/smartconnect_0/inst/m00_nodes/m00_ar_node/inst/inst_mi_handler/gen_normal_area.gen_node_prog_full.inst_node_prog_full/gen_xpm_memory_fifo.inst_fifo/gen_mem_rep[0].inst_xpm_memory'
Finished Sourcing Tcl File [C:/Xilinx/Vivado/2019.1/data/ip/xpm/xpm_memory/tcl/xpm_memory_xdc.tcl] for cell 'design_1_i/smartconnect_0/inst/m00_nodes/m00_ar_node/inst/inst_mi_handler/gen_normal_area.gen_node_prog_full.inst_node_prog_full/gen_xpm_memory_fifo.inst_fifo/gen_mem_rep[0].inst_xpm_memory'
Sourcing Tcl File [C:/Xilinx/Vivado/2019.1/data/ip/xpm/xpm_memory/tcl/xpm_memory_xdc.tcl] for cell 'design_1_i/smartconnect_0/inst/s01_nodes/s01_r_node/inst/inst_mi_handler/gen_normal_area.gen_node_prog_full.inst_node_prog_full/gen_xpm_memory_fifo.inst_fifo/gen_mem_rep[0].inst_xpm_memory'
Finished Sourcing Tcl File [C:/Xilinx/Vivado/2019.1/data/ip/xpm/xpm_memory/tcl/xpm_memory_xdc.tcl] for cell 'design_1_i/smartconnect_0/inst/s01_nodes/s01_r_node/inst/inst_mi_handler/gen_normal_area.gen_node_prog_full.inst_node_prog_full/gen_xpm_memory_fifo.inst_fifo/gen_mem_rep[0].inst_xpm_memory'
Sourcing Tcl File [C:/Xilinx/Vivado/2019.1/data/ip/xpm/xpm_memory/tcl/xpm_memory_xdc.tcl] for cell 'design_1_i/smartconnect_0/inst/s00_nodes/s00_b_node/inst/inst_mi_handler/gen_normal_area.gen_node_prog_full.inst_node_prog_full/gen_xpm_memory_fifo.inst_fifo/gen_mem_rep[0].inst_xpm_memory'
Finished Sourcing Tcl File [C:/Xilinx/Vivado/2019.1/data/ip/xpm/xpm_memory/tcl/xpm_memory_xdc.tcl] for cell 'design_1_i/smartconnect_0/inst/s00_nodes/s00_b_node/inst/inst_mi_handler/gen_normal_area.gen_node_prog_full.inst_node_prog_full/gen_xpm_memory_fifo.inst_fifo/gen_mem_rep[0].inst_xpm_memory'
Sourcing Tcl File [C:/Xilinx/Vivado/2019.1/data/ip/xpm/xpm_memory/tcl/xpm_memory_xdc.tcl] for cell 'design_1_i/smartconnect_0/inst/m00_nodes/m00_w_node/inst/inst_mi_handler/gen_normal_area.gen_node_prog_full.inst_node_prog_full/gen_xpm_memory_fifo.inst_fifo/gen_mem_rep[0].inst_xpm_memory'
Finished Sourcing Tcl File [C:/Xilinx/Vivado/2019.1/data/ip/xpm/xpm_memory/tcl/xpm_memory_xdc.tcl] for cell 'design_1_i/smartconnect_0/inst/m00_nodes/m00_w_node/inst/inst_mi_handler/gen_normal_area.gen_node_prog_full.inst_node_prog_full/gen_xpm_memory_fifo.inst_fifo/gen_mem_rep[0].inst_xpm_memory'
Sourcing Tcl File [C:/Xilinx/Vivado/2019.1/data/ip/xpm/xpm_memory/tcl/xpm_memory_xdc.tcl] for cell 'design_1_i/smartconnect_0/inst/m00_nodes/m00_aw_node/inst/inst_mi_handler/gen_normal_area.gen_node_prog_full.inst_node_prog_full/gen_xpm_memory_fifo.inst_fifo/gen_mem_rep[0].inst_xpm_memory'
Finished Sourcing Tcl File [C:/Xilinx/Vivado/2019.1/data/ip/xpm/xpm_memory/tcl/xpm_memory_xdc.tcl] for cell 'design_1_i/smartconnect_0/inst/m00_nodes/m00_aw_node/inst/inst_mi_handler/gen_normal_area.gen_node_prog_full.inst_node_prog_full/gen_xpm_memory_fifo.inst_fifo/gen_mem_rep[0].inst_xpm_memory'
Sourcing Tcl File [C:/Xilinx/Vivado/2019.1/data/ip/xpm/xpm_memory/tcl/xpm_memory_xdc.tcl] for cell 'design_1_i/smartconnect_1/inst/s00_nodes/s00_aw_node/inst/inst_mi_handler/gen_normal_area.inst_fifo_node_payld/gen_xpm_memory_fifo.inst_fifo/gen_mem_rep[0].inst_xpm_memory'
Finished Sourcing Tcl File [C:/Xilinx/Vivado/2019.1/data/ip/xpm/xpm_memory/tcl/xpm_memory_xdc.tcl] for cell 'design_1_i/smartconnect_1/inst/s00_nodes/s00_aw_node/inst/inst_mi_handler/gen_normal_area.inst_fifo_node_payld/gen_xpm_memory_fifo.inst_fifo/gen_mem_rep[0].inst_xpm_memory'
Sourcing Tcl File [C:/Xilinx/Vivado/2019.1/data/ip/xpm/xpm_memory/tcl/xpm_memory_xdc.tcl] for cell 'design_1_i/smartconnect_0/inst/m00_nodes/m00_aw_node/inst/inst_mi_handler/gen_normal_area.inst_fifo_node_payld/gen_xpm_memory_fifo.inst_fifo/gen_mem_rep[0].inst_xpm_memory'
Finished Sourcing Tcl File [C:/Xilinx/Vivado/2019.1/data/ip/xpm/xpm_memory/tcl/xpm_memory_xdc.tcl] for cell 'design_1_i/smartconnect_0/inst/m00_nodes/m00_aw_node/inst/inst_mi_handler/gen_normal_area.inst_fifo_node_payld/gen_xpm_memory_fifo.inst_fifo/gen_mem_rep[0].inst_xpm_memory'
Sourcing Tcl File [C:/Xilinx/Vivado/2019.1/data/ip/xpm/xpm_memory/tcl/xpm_memory_xdc.tcl] for cell 'design_1_i/smartconnect_0/inst/m00_nodes/m00_ar_node/inst/inst_mi_handler/gen_normal_area.inst_fifo_node_payld/gen_xpm_memory_fifo.inst_fifo/gen_mem_rep[0].inst_xpm_memory'
Finished Sourcing Tcl File [C:/Xilinx/Vivado/2019.1/data/ip/xpm/xpm_memory/tcl/xpm_memory_xdc.tcl] for cell 'design_1_i/smartconnect_0/inst/m00_nodes/m00_ar_node/inst/inst_mi_handler/gen_normal_area.inst_fifo_node_payld/gen_xpm_memory_fifo.inst_fifo/gen_mem_rep[0].inst_xpm_memory'
Sourcing Tcl File [C:/Xilinx/Vivado/2019.1/data/ip/xpm/xpm_memory/tcl/xpm_memory_xdc.tcl] for cell 'design_1_i/smartconnect_0/inst/m00_nodes/m00_b_node/inst/inst_mi_handler/gen_normal_area.gen_fifo_req.inst_fifo_req/gen_xpm_memory_fifo.inst_fifo/gen_mem_rep[0].inst_xpm_memory'
Finished Sourcing Tcl File [C:/Xilinx/Vivado/2019.1/data/ip/xpm/xpm_memory/tcl/xpm_memory_xdc.tcl] for cell 'design_1_i/smartconnect_0/inst/m00_nodes/m00_b_node/inst/inst_mi_handler/gen_normal_area.gen_fifo_req.inst_fifo_req/gen_xpm_memory_fifo.inst_fifo/gen_mem_rep[0].inst_xpm_memory'
Sourcing Tcl File [C:/Xilinx/Vivado/2019.1/data/ip/xpm/xpm_memory/tcl/xpm_memory_xdc.tcl] for cell 'design_1_i/smartconnect_0/inst/s01_nodes/s01_r_node/inst/inst_mi_handler/gen_normal_area.inst_fifo_node_payld/gen_xpm_memory_fifo.inst_fifo/gen_mem_rep[0].inst_xpm_memory'
Finished Sourcing Tcl File [C:/Xilinx/Vivado/2019.1/data/ip/xpm/xpm_memory/tcl/xpm_memory_xdc.tcl] for cell 'design_1_i/smartconnect_0/inst/s01_nodes/s01_r_node/inst/inst_mi_handler/gen_normal_area.inst_fifo_node_payld/gen_xpm_memory_fifo.inst_fifo/gen_mem_rep[0].inst_xpm_memory'
Sourcing Tcl File [C:/Xilinx/Vivado/2019.1/data/ip/xpm/xpm_memory/tcl/xpm_memory_xdc.tcl] for cell 'design_1_i/smartconnect_1/inst/s00_nodes/s00_b_node/inst/inst_mi_handler/gen_normal_area.inst_fifo_node_payld/gen_xpm_memory_fifo.inst_fifo/gen_mem_rep[0].inst_xpm_memory'
Finished Sourcing Tcl File [C:/Xilinx/Vivado/2019.1/data/ip/xpm/xpm_memory/tcl/xpm_memory_xdc.tcl] for cell 'design_1_i/smartconnect_1/inst/s00_nodes/s00_b_node/inst/inst_mi_handler/gen_normal_area.inst_fifo_node_payld/gen_xpm_memory_fifo.inst_fifo/gen_mem_rep[0].inst_xpm_memory'
Sourcing Tcl File [C:/Xilinx/Vivado/2019.1/data/ip/xpm/xpm_memory/tcl/xpm_memory_xdc.tcl] for cell 'design_1_i/smartconnect_0/inst/m00_nodes/m00_r_node/inst/inst_mi_handler/gen_normal_area.gen_fifo_req.inst_fifo_req/gen_xpm_memory_fifo.inst_fifo/gen_mem_rep[0].inst_xpm_memory'
Finished Sourcing Tcl File [C:/Xilinx/Vivado/2019.1/data/ip/xpm/xpm_memory/tcl/xpm_memory_xdc.tcl] for cell 'design_1_i/smartconnect_0/inst/m00_nodes/m00_r_node/inst/inst_mi_handler/gen_normal_area.gen_fifo_req.inst_fifo_req/gen_xpm_memory_fifo.inst_fifo/gen_mem_rep[0].inst_xpm_memory'
Sourcing Tcl File [C:/Xilinx/Vivado/2019.1/data/ip/xpm/xpm_memory/tcl/xpm_memory_xdc.tcl] for cell 'design_1_i/smartconnect_0/inst/m00_nodes/m00_b_node/inst/inst_mi_handler/gen_normal_area.inst_fifo_node_payld/gen_xpm_memory_fifo.inst_fifo/gen_mem_rep[0].inst_xpm_memory'
Finished Sourcing Tcl File [C:/Xilinx/Vivado/2019.1/data/ip/xpm/xpm_memory/tcl/xpm_memory_xdc.tcl] for cell 'design_1_i/smartconnect_0/inst/m00_nodes/m00_b_node/inst/inst_mi_handler/gen_normal_area.inst_fifo_node_payld/gen_xpm_memory_fifo.inst_fifo/gen_mem_rep[0].inst_xpm_memory'
Sourcing Tcl File [C:/Xilinx/Vivado/2019.1/data/ip/xpm/xpm_memory/tcl/xpm_memory_xdc.tcl] for cell 'design_1_i/smartconnect_0/inst/m00_nodes/m00_r_node/inst/inst_mi_handler/gen_normal_area.inst_fifo_node_payld/gen_xpm_memory_fifo.inst_fifo/gen_mem_rep[0].inst_xpm_memory'
Finished Sourcing Tcl File [C:/Xilinx/Vivado/2019.1/data/ip/xpm/xpm_memory/tcl/xpm_memory_xdc.tcl] for cell 'design_1_i/smartconnect_0/inst/m00_nodes/m00_r_node/inst/inst_mi_handler/gen_normal_area.inst_fifo_node_payld/gen_xpm_memory_fifo.inst_fifo/gen_mem_rep[0].inst_xpm_memory'
Sourcing Tcl File [C:/Xilinx/Vivado/2019.1/data/ip/xpm/xpm_memory/tcl/xpm_memory_xdc.tcl] for cell 'design_1_i/smartconnect_0/inst/m00_nodes/m00_w_node/inst/inst_si_handler/gen_si_handler.gen_request_fifos.gen_req_fifo[0].inst_req_fifo/gen_xpm_memory_fifo.inst_fifo/gen_mem_rep[0].inst_xpm_memory'
Finished Sourcing Tcl File [C:/Xilinx/Vivado/2019.1/data/ip/xpm/xpm_memory/tcl/xpm_memory_xdc.tcl] for cell 'design_1_i/smartconnect_0/inst/m00_nodes/m00_w_node/inst/inst_si_handler/gen_si_handler.gen_request_fifos.gen_req_fifo[0].inst_req_fifo/gen_xpm_memory_fifo.inst_fifo/gen_mem_rep[0].inst_xpm_memory'
Sourcing Tcl File [C:/Xilinx/Vivado/2019.1/data/ip/xpm/xpm_memory/tcl/xpm_memory_xdc.tcl] for cell 'design_1_i/smartconnect_0/inst/m00_nodes/m00_w_node/inst/inst_si_handler/gen_si_handler.gen_request_fifos.gen_req_fifo[1].inst_req_fifo/gen_xpm_memory_fifo.inst_fifo/gen_mem_rep[0].inst_xpm_memory'
Finished Sourcing Tcl File [C:/Xilinx/Vivado/2019.1/data/ip/xpm/xpm_memory/tcl/xpm_memory_xdc.tcl] for cell 'design_1_i/smartconnect_0/inst/m00_nodes/m00_w_node/inst/inst_si_handler/gen_si_handler.gen_request_fifos.gen_req_fifo[1].inst_req_fifo/gen_xpm_memory_fifo.inst_fifo/gen_mem_rep[0].inst_xpm_memory'
Sourcing Tcl File [C:/Xilinx/Vivado/2019.1/data/ip/xpm/xpm_memory/tcl/xpm_memory_xdc.tcl] for cell 'design_1_i/smartconnect_1/inst/s00_nodes/s00_w_node/inst/inst_mi_handler/gen_normal_area.inst_fifo_node_payld/gen_xpm_memory_fifo.inst_fifo/gen_mem_rep[0].inst_xpm_memory'
Finished Sourcing Tcl File [C:/Xilinx/Vivado/2019.1/data/ip/xpm/xpm_memory/tcl/xpm_memory_xdc.tcl] for cell 'design_1_i/smartconnect_1/inst/s00_nodes/s00_w_node/inst/inst_mi_handler/gen_normal_area.inst_fifo_node_payld/gen_xpm_memory_fifo.inst_fifo/gen_mem_rep[0].inst_xpm_memory'
Sourcing Tcl File [C:/Xilinx/Vivado/2019.1/data/ip/xpm/xpm_memory/tcl/xpm_memory_xdc.tcl] for cell 'design_1_i/smartconnect_0/inst/m00_nodes/m00_w_node/inst/inst_mi_handler/gen_normal_area.inst_fifo_node_payld/gen_xpm_memory_fifo.inst_fifo/gen_mem_rep[0].inst_xpm_memory'
Finished Sourcing Tcl File [C:/Xilinx/Vivado/2019.1/data/ip/xpm/xpm_memory/tcl/xpm_memory_xdc.tcl] for cell 'design_1_i/smartconnect_0/inst/m00_nodes/m00_w_node/inst/inst_mi_handler/gen_normal_area.inst_fifo_node_payld/gen_xpm_memory_fifo.inst_fifo/gen_mem_rep[0].inst_xpm_memory'
Sourcing Tcl File [C:/Xilinx/Vivado/2019.1/data/ip/xpm/xpm_memory/tcl/xpm_memory_xdc.tcl] for cell 'design_1_i/smartconnect_0/inst/s00_nodes/s00_aw_node/inst/inst_mi_handler/gen_normal_area.gen_fifo_req.inst_fifo_req/gen_xpm_memory_fifo.inst_fifo/gen_mem_rep[0].inst_xpm_memory'
Finished Sourcing Tcl File [C:/Xilinx/Vivado/2019.1/data/ip/xpm/xpm_memory/tcl/xpm_memory_xdc.tcl] for cell 'design_1_i/smartconnect_0/inst/s00_nodes/s00_aw_node/inst/inst_mi_handler/gen_normal_area.gen_fifo_req.inst_fifo_req/gen_xpm_memory_fifo.inst_fifo/gen_mem_rep[0].inst_xpm_memory'
Sourcing Tcl File [C:/Xilinx/Vivado/2019.1/data/ip/xpm/xpm_memory/tcl/xpm_memory_xdc.tcl] for cell 'design_1_i/smartconnect_0/inst/s01_nodes/s01_ar_node/inst/inst_mi_handler/gen_normal_area.gen_fifo_req.inst_fifo_req/gen_xpm_memory_fifo.inst_fifo/gen_mem_rep[0].inst_xpm_memory'
Finished Sourcing Tcl File [C:/Xilinx/Vivado/2019.1/data/ip/xpm/xpm_memory/tcl/xpm_memory_xdc.tcl] for cell 'design_1_i/smartconnect_0/inst/s01_nodes/s01_ar_node/inst/inst_mi_handler/gen_normal_area.gen_fifo_req.inst_fifo_req/gen_xpm_memory_fifo.inst_fifo/gen_mem_rep[0].inst_xpm_memory'
Sourcing Tcl File [C:/Xilinx/Vivado/2019.1/data/ip/xpm/xpm_memory/tcl/xpm_memory_xdc.tcl] for cell 'design_1_i/smartconnect_0/inst/s00_nodes/s00_w_node/inst/inst_mi_handler/gen_normal_area.gen_fifo_req.inst_fifo_req/gen_xpm_memory_fifo.inst_fifo/gen_mem_rep[0].inst_xpm_memory'
Finished Sourcing Tcl File [C:/Xilinx/Vivado/2019.1/data/ip/xpm/xpm_memory/tcl/xpm_memory_xdc.tcl] for cell 'design_1_i/smartconnect_0/inst/s00_nodes/s00_w_node/inst/inst_mi_handler/gen_normal_area.gen_fifo_req.inst_fifo_req/gen_xpm_memory_fifo.inst_fifo/gen_mem_rep[0].inst_xpm_memory'
Sourcing Tcl File [C:/Xilinx/Vivado/2019.1/data/ip/xpm/xpm_memory/tcl/xpm_memory_xdc.tcl] for cell 'design_1_i/smartconnect_0/inst/s00_nodes/s00_aw_node/inst/inst_mi_handler/gen_normal_area.inst_fifo_node_payld/gen_xpm_memory_fifo.inst_fifo/gen_mem_rep[0].inst_xpm_memory'
Finished Sourcing Tcl File [C:/Xilinx/Vivado/2019.1/data/ip/xpm/xpm_memory/tcl/xpm_memory_xdc.tcl] for cell 'design_1_i/smartconnect_0/inst/s00_nodes/s00_aw_node/inst/inst_mi_handler/gen_normal_area.inst_fifo_node_payld/gen_xpm_memory_fifo.inst_fifo/gen_mem_rep[0].inst_xpm_memory'
Sourcing Tcl File [C:/Xilinx/Vivado/2019.1/data/ip/xpm/xpm_memory/tcl/xpm_memory_xdc.tcl] for cell 'design_1_i/smartconnect_0/inst/s01_nodes/s01_ar_node/inst/inst_mi_handler/gen_normal_area.inst_fifo_node_payld/gen_xpm_memory_fifo.inst_fifo/gen_mem_rep[0].inst_xpm_memory'
Finished Sourcing Tcl File [C:/Xilinx/Vivado/2019.1/data/ip/xpm/xpm_memory/tcl/xpm_memory_xdc.tcl] for cell 'design_1_i/smartconnect_0/inst/s01_nodes/s01_ar_node/inst/inst_mi_handler/gen_normal_area.inst_fifo_node_payld/gen_xpm_memory_fifo.inst_fifo/gen_mem_rep[0].inst_xpm_memory'
Sourcing Tcl File [C:/Xilinx/Vivado/2019.1/data/ip/xpm/xpm_memory/tcl/xpm_memory_xdc.tcl] for cell 'design_1_i/smartconnect_0/inst/s00_nodes/s00_b_node/inst/inst_mi_handler/gen_normal_area.inst_fifo_node_payld/gen_xpm_memory_fifo.inst_fifo/gen_mem_rep[0].inst_xpm_memory'
Finished Sourcing Tcl File [C:/Xilinx/Vivado/2019.1/data/ip/xpm/xpm_memory/tcl/xpm_memory_xdc.tcl] for cell 'design_1_i/smartconnect_0/inst/s00_nodes/s00_b_node/inst/inst_mi_handler/gen_normal_area.inst_fifo_node_payld/gen_xpm_memory_fifo.inst_fifo/gen_mem_rep[0].inst_xpm_memory'
Sourcing Tcl File [C:/Xilinx/Vivado/2019.1/data/ip/xpm/xpm_memory/tcl/xpm_memory_xdc.tcl] for cell 'design_1_i/smartconnect_0/inst/s00_nodes/s00_w_node/inst/inst_mi_handler/gen_normal_area.inst_fifo_node_payld/gen_xpm_memory_fifo.inst_fifo/gen_mem_rep[0].inst_xpm_memory'
Finished Sourcing Tcl File [C:/Xilinx/Vivado/2019.1/data/ip/xpm/xpm_memory/tcl/xpm_memory_xdc.tcl] for cell 'design_1_i/smartconnect_0/inst/s00_nodes/s00_w_node/inst/inst_mi_handler/gen_normal_area.inst_fifo_node_payld/gen_xpm_memory_fifo.inst_fifo/gen_mem_rep[0].inst_xpm_memory'
INFO: [Opt 31-138] Pushed 0 inverter(s) to 0 load pin(s).
Netlist sorting complete. Time (s): cpu = 00:00:00 ; elapsed = 00:00:00.018 . Memory (MB): peak = 876.543 ; gain = 0.000
INFO: [Project 1-111] Unisim Transformation Summary:
  A total of 264 instances were transformed.
  RAM16X1D => RAM32X1D (RAMD32, RAMD32): 6 instances
  RAM32M => RAM32M (RAMD32, RAMD32, RAMD32, RAMD32, RAMD32, RAMD32, RAMS32, RAMS32): 253 instances
  RAM32X1D => RAM32X1D (RAMD32, RAMD32): 5 instances

10 Infos, 80 Warnings, 0 Critical Warnings and 0 Errors encountered.
link_design completed successfully
link_design: Time (s): cpu = 00:00:16 ; elapsed = 00:00:43 . Memory (MB): peak = 876.543 ; gain = 554.344
Command: opt_design
Attempting to get a license for feature 'Implementation' and/or device 'xc7z020'
INFO: [Common 17-349] Got license for feature 'Implementation' and/or device 'xc7z020'
Running DRC as a precondition to command opt_design

Starting DRC Task
INFO: [DRC 23-27] Running DRC with 2 threads
INFO: [Project 1-461] DRC finished with 0 Errors
INFO: [Project 1-462] Please refer to the DRC report (report_drc) for more information.

Time (s): cpu = 00:00:01 ; elapsed = 00:00:00.618 . Memory (MB): peak = 888.688 ; gain = 12.145

Starting Cache Timing Information Task
INFO: [Timing 38-35] Done setting XDC timing constraints.
Ending Cache Timing Information Task | Checksum: 196f5b928

Time (s): cpu = 00:00:09 ; elapsed = 00:00:09 . Memory (MB): peak = 1441.562 ; gain = 552.875

Starting Logic Optimization Task

Phase 1 Retarget
INFO: [Opt 31-138] Pushed 20 inverter(s) to 120 load pin(s).
INFO: [Opt 31-49] Retargeted 0 cell(s).
Phase 1 Retarget | Checksum: 1bcf5a5c3

Time (s): cpu = 00:00:02 ; elapsed = 00:00:02 . Memory (MB): peak = 1587.160 ; gain = 0.148
INFO: [Opt 31-389] Phase Retarget created 228 cells and removed 1042 cells
INFO: [Opt 31-1021] In phase Retarget, 54 netlist objects are constrained preventing optimization. Please run opt_design with -debug_log to get more detail. 

Phase 2 Constant propagation
INFO: [Opt 31-138] Pushed 0 inverter(s) to 0 load pin(s).
Phase 2 Constant propagation | Checksum: 12ab39528

Time (s): cpu = 00:00:03 ; elapsed = 00:00:02 . Memory (MB): peak = 1587.160 ; gain = 0.148
INFO: [Opt 31-389] Phase Constant propagation created 140 cells and removed 720 cells
INFO: [Opt 31-1021] In phase Constant propagation, 52 netlist objects are constrained preventing optimization. Please run opt_design with -debug_log to get more detail. 

Phase 3 Sweep
Phase 3 Sweep | Checksum: feaeed29

Time (s): cpu = 00:00:07 ; elapsed = 00:00:07 . Memory (MB): peak = 1587.160 ; gain = 0.148
INFO: [Opt 31-389] Phase Sweep created 0 cells and removed 3624 cells
INFO: [Opt 31-1021] In phase Sweep, 161 netlist objects are constrained preventing optimization. Please run opt_design with -debug_log to get more detail. 

Phase 4 BUFG optimization
Phase 4 BUFG optimization | Checksum: feaeed29

Time (s): cpu = 00:00:08 ; elapsed = 00:00:07 . Memory (MB): peak = 1587.160 ; gain = 0.148
INFO: [Opt 31-662] Phase BUFG optimization created 0 cells of which 0 are BUFGs and removed 0 cells.

Phase 5 Shift Register Optimization
INFO: [Opt 31-1064] SRL Remap converted 0 SRLs to 0 registers and converted 0 registers of register chains to 0 SRLs
Phase 5 Shift Register Optimization | Checksum: feaeed29

Time (s): cpu = 00:00:08 ; elapsed = 00:00:08 . Memory (MB): peak = 1587.160 ; gain = 0.148
INFO: [Opt 31-389] Phase Shift Register Optimization created 0 cells and removed 0 cells

Phase 6 Post Processing Netlist
Phase 6 Post Processing Netlist | Checksum: feaeed29

Time (s): cpu = 00:00:08 ; elapsed = 00:00:08 . Memory (MB): peak = 1587.160 ; gain = 0.148
INFO: [Opt 31-389] Phase Post Processing Netlist created 0 cells and removed 0 cells
INFO: [Opt 31-1021] In phase Post Processing Netlist, 39 netlist objects are constrained preventing optimization. Please run opt_design with -debug_log to get more detail. 
Opt_design Change Summary
=========================


-------------------------------------------------------------------------------------------------------------------------
|  Phase                        |  #Cells created  |  #Cells Removed  |  #Constrained objects preventing optimizations  |
-------------------------------------------------------------------------------------------------------------------------
|  Retarget                     |             228  |            1042  |                                             54  |
|  Constant propagation         |             140  |             720  |                                             52  |
|  Sweep                        |               0  |            3624  |                                            161  |
|  BUFG optimization            |               0  |               0  |                                              0  |
|  Shift Register Optimization  |               0  |               0  |                                              0  |
|  Post Processing Netlist      |               0  |               0  |                                             39  |
-------------------------------------------------------------------------------------------------------------------------



Starting Connectivity Check Task

Time (s): cpu = 00:00:00 ; elapsed = 00:00:00.052 . Memory (MB): peak = 1587.160 ; gain = 0.000
Ending Logic Optimization Task | Checksum: f2402080

Time (s): cpu = 00:00:09 ; elapsed = 00:00:09 . Memory (MB): peak = 1587.160 ; gain = 0.148

Starting Power Optimization Task
INFO: [Pwropt 34-132] Skipping clock gating for clocks with a period < 2.00 ns.
INFO: [Timing 38-35] Done setting XDC timing constraints.
INFO: [Pwropt 34-9] Applying IDT optimizations ...
INFO: [Pwropt 34-10] Applying ODC optimizations ...
INFO: [Physopt 32-619] Estimated Timing Summary | WNS=14.340 | TNS=0.000 |
Running Vector-less Activity Propagation...

Finished Running Vector-less Activity Propagation


Starting PowerOpt Patch Enables Task
INFO: [Pwropt 34-162] WRITE_MODE attribute of 0 BRAM(s) out of a total of 11 has been updated to save power. Run report_power_opt to get a complete listing of the BRAMs updated.
INFO: [Pwropt 34-201] Structural ODC has moved 0 WE to EN ports
Number of BRAM Ports augmented: 11 newly gated: 0 Total Ports: 22
Ending PowerOpt Patch Enables Task | Checksum: 22d8be445

Time (s): cpu = 00:00:00 ; elapsed = 00:00:00.127 . Memory (MB): peak = 1838.070 ; gain = 0.000
Ending Power Optimization Task | Checksum: 22d8be445

Time (s): cpu = 00:00:13 ; elapsed = 00:00:07 . Memory (MB): peak = 1838.070 ; gain = 250.910

Starting Final Cleanup Task
Ending Final Cleanup Task | Checksum: 22d8be445

Time (s): cpu = 00:00:00 ; elapsed = 00:00:00.001 . Memory (MB): peak = 1838.070 ; gain = 0.000

Starting Netlist Obfuscation Task
Netlist sorting complete. Time (s): cpu = 00:00:00 ; elapsed = 00:00:00.034 . Memory (MB): peak = 1838.070 ; gain = 0.000
Ending Netlist Obfuscation Task | Checksum: 18b6a2884

Time (s): cpu = 00:00:00 ; elapsed = 00:00:00.034 . Memory (MB): peak = 1838.070 ; gain = 0.000
INFO: [Common 17-83] Releasing license: Implementation
37 Infos, 80 Warnings, 0 Critical Warnings and 0 Errors encountered.
opt_design completed successfully
opt_design: Time (s): cpu = 00:00:34 ; elapsed = 00:00:28 . Memory (MB): peak = 1838.070 ; gain = 961.527
Netlist sorting complete. Time (s): cpu = 00:00:00 ; elapsed = 00:00:00.012 . Memory (MB): peak = 1838.070 ; gain = 0.000
INFO: [Timing 38-480] Writing timing data to binary archive.
Writing placer database...
Writing XDEF routing.
Writing XDEF routing logical nets.
Writing XDEF routing special nets.
Write XDEF Complete: Time (s): cpu = 00:00:01 ; elapsed = 00:00:00.056 . Memory (MB): peak = 1838.070 ; gain = 0.000
INFO: [Common 17-1381] The checkpoint 'C:/dkaputa/courses/563-embeddesSystemsDesignTwo_2025/lecture17/rgbFilter/hdl_prj/vivado_ip_prj/vivado_prj.runs/impl_1/design_1_wrapper_opt.dcp' has been generated.
write_checkpoint: Time (s): cpu = 00:00:08 ; elapsed = 00:00:05 . Memory (MB): peak = 1838.070 ; gain = 0.000
INFO: [runtcl-4] Executing : report_drc -file design_1_wrapper_drc_opted.rpt -pb design_1_wrapper_drc_opted.pb -rpx design_1_wrapper_drc_opted.rpx
Command: report_drc -file design_1_wrapper_drc_opted.rpt -pb design_1_wrapper_drc_opted.pb -rpx design_1_wrapper_drc_opted.rpx
INFO: [IP_Flow 19-1839] IP Catalog is up to date.
INFO: [DRC 23-27] Running DRC with 2 threads
INFO: [Coretcl 2-168] The results of DRC are in file C:/dkaputa/courses/563-embeddesSystemsDesignTwo_2025/lecture17/rgbFilter/hdl_prj/vivado_ip_prj/vivado_prj.runs/impl_1/design_1_wrapper_drc_opted.rpt.
report_drc completed successfully
Command: place_design
Attempting to get a license for feature 'Implementation' and/or device 'xc7z020'
INFO: [Common 17-349] Got license for feature 'Implementation' and/or device 'xc7z020'
INFO: [DRC 23-27] Running DRC with 2 threads
INFO: [Vivado_Tcl 4-198] DRC finished with 0 Errors
INFO: [Vivado_Tcl 4-199] Please refer to the DRC report (report_drc) for more information.
Running DRC as a precondition to command place_design
INFO: [DRC 23-27] Running DRC with 2 threads
INFO: [Vivado_Tcl 4-198] DRC finished with 0 Errors
INFO: [Vivado_Tcl 4-199] Please refer to the DRC report (report_drc) for more information.

Starting Placer Task
INFO: [Place 30-611] Multithreading enabled for place_design using a maximum of 2 CPUs

Phase 1 Placer Initialization

Phase 1.1 Placer Initialization Netlist Sorting
Netlist sorting complete. Time (s): cpu = 00:00:00 ; elapsed = 00:00:00.012 . Memory (MB): peak = 1838.070 ; gain = 0.000
Phase 1.1 Placer Initialization Netlist Sorting | Checksum: 18ad8f3a2

Time (s): cpu = 00:00:00 ; elapsed = 00:00:00.019 . Memory (MB): peak = 1838.070 ; gain = 0.000
Netlist sorting complete. Time (s): cpu = 00:00:00 ; elapsed = 00:00:00.012 . Memory (MB): peak = 1838.070 ; gain = 0.000

Phase 1.2 IO Placement/ Clock Placement/ Build Placer Device
INFO: [Timing 38-35] Done setting XDC timing constraints.
Phase 1.2 IO Placement/ Clock Placement/ Build Placer Device | Checksum: e765ae0e

Time (s): cpu = 00:00:05 ; elapsed = 00:00:03 . Memory (MB): peak = 1838.070 ; gain = 0.000

Phase 1.3 Build Placer Netlist Model
Phase 1.3 Build Placer Netlist Model | Checksum: b5afd279

Time (s): cpu = 00:00:11 ; elapsed = 00:00:08 . Memory (MB): peak = 1838.070 ; gain = 0.000

Phase 1.4 Constrain Clocks/Macros
Phase 1.4 Constrain Clocks/Macros | Checksum: b5afd279

Time (s): cpu = 00:00:11 ; elapsed = 00:00:08 . Memory (MB): peak = 1838.070 ; gain = 0.000
Phase 1 Placer Initialization | Checksum: b5afd279

Time (s): cpu = 00:00:11 ; elapsed = 00:00:08 . Memory (MB): peak = 1838.070 ; gain = 0.000

Phase 2 Global Placement

Phase 2.1 Floorplanning
Phase 2.1 Floorplanning | Checksum: 12f476bcf

Time (s): cpu = 00:00:13 ; elapsed = 00:00:09 . Memory (MB): peak = 1838.070 ; gain = 0.000

Phase 2.2 Global Placement Core

Phase 2.2.1 Physical Synthesis In Placer
INFO: [Physopt 32-65] No nets found for high-fanout optimization.
INFO: [Physopt 32-232] Optimized 0 net. Created 0 new instance.
INFO: [Physopt 32-775] End 1 Pass. Optimized 0 net or cell. Created 0 new cell, deleted 0 existing cell and moved 0 existing cell
INFO: [Physopt 32-670] No setup violation found.  DSP Register Optimization was not performed.
INFO: [Physopt 32-670] No setup violation found.  Shift Register Optimization was not performed.
INFO: [Physopt 32-670] No setup violation found.  BRAM Register Optimization was not performed.
INFO: [Physopt 32-949] No candidate nets found for HD net replication
INFO: [Physopt 32-775] End 1 Pass. Optimized 0 net or cell. Created 0 new cell, deleted 0 existing cell and moved 0 existing cell
Netlist sorting complete. Time (s): cpu = 00:00:00 ; elapsed = 00:00:00.014 . Memory (MB): peak = 1838.070 ; gain = 0.000

Summary of Physical Synthesis Optimizations
============================================


----------------------------------------------------------------------------------------------------------------------------------------
|  Optimization                  |  Added Cells  |  Removed Cells  |  Optimized Cells/Nets  |  Dont Touch  |  Iterations  |  Elapsed   |
----------------------------------------------------------------------------------------------------------------------------------------
|  Very High Fanout              |            0  |              0  |                     0  |           0  |           1  |  00:00:00  |
|  DSP Register                  |            0  |              0  |                     0  |           0  |           0  |  00:00:00  |
|  Shift Register                |            0  |              0  |                     0  |           0  |           0  |  00:00:00  |
|  BRAM Register                 |            0  |              0  |                     0  |           0  |           0  |  00:00:00  |
|  HD Interface Net Replication  |            0  |              0  |                     0  |           0  |           1  |  00:00:00  |
|  Total                         |            0  |              0  |                     0  |           0  |           2  |  00:00:00  |
----------------------------------------------------------------------------------------------------------------------------------------


Phase 2.2.1 Physical Synthesis In Placer | Checksum: 146d10425

Time (s): cpu = 00:00:32 ; elapsed = 00:00:19 . Memory (MB): peak = 1838.070 ; gain = 0.000
Phase 2.2 Global Placement Core | Checksum: 18aa46968

Time (s): cpu = 00:00:33 ; elapsed = 00:00:20 . Memory (MB): peak = 1838.070 ; gain = 0.000
Phase 2 Global Placement | Checksum: 18aa46968

Time (s): cpu = 00:00:33 ; elapsed = 00:00:20 . Memory (MB): peak = 1838.070 ; gain = 0.000

Phase 3 Detail Placement

Phase 3.1 Commit Multi Column Macros
Phase 3.1 Commit Multi Column Macros | Checksum: 1bd045073

Time (s): cpu = 00:00:35 ; elapsed = 00:00:21 . Memory (MB): peak = 1838.070 ; gain = 0.000

Phase 3.2 Commit Most Macros & LUTRAMs
Phase 3.2 Commit Most Macros & LUTRAMs | Checksum: 1266a06f9

Time (s): cpu = 00:00:39 ; elapsed = 00:00:24 . Memory (MB): peak = 1838.070 ; gain = 0.000

Phase 3.3 Area Swap Optimization
Phase 3.3 Area Swap Optimization | Checksum: 1667e2834

Time (s): cpu = 00:00:39 ; elapsed = 00:00:24 . Memory (MB): peak = 1838.070 ; gain = 0.000

Phase 3.4 Pipeline Register Optimization
Phase 3.4 Pipeline Register Optimization | Checksum: 1762c3230

Time (s): cpu = 00:00:39 ; elapsed = 00:00:24 . Memory (MB): peak = 1838.070 ; gain = 0.000

Phase 3.5 Small Shape Detail Placement
Phase 3.5 Small Shape Detail Placement | Checksum: 1d3a2704f

Time (s): cpu = 00:00:45 ; elapsed = 00:00:29 . Memory (MB): peak = 1838.070 ; gain = 0.000

Phase 3.6 Re-assign LUT pins
Phase 3.6 Re-assign LUT pins | Checksum: 237814ffb

Time (s): cpu = 00:00:46 ; elapsed = 00:00:31 . Memory (MB): peak = 1838.070 ; gain = 0.000

Phase 3.7 Pipeline Register Optimization
Phase 3.7 Pipeline Register Optimization | Checksum: 168906bd9

Time (s): cpu = 00:00:46 ; elapsed = 00:00:31 . Memory (MB): peak = 1838.070 ; gain = 0.000
Phase 3 Detail Placement | Checksum: 168906bd9

Time (s): cpu = 00:00:46 ; elapsed = 00:00:31 . Memory (MB): peak = 1838.070 ; gain = 0.000

Phase 4 Post Placement Optimization and Clean-Up

Phase 4.1 Post Commit Optimization
INFO: [Timing 38-35] Done setting XDC timing constraints.

Phase 4.1.1 Post Placement Optimization
Post Placement Optimization Initialization | Checksum: 210eb1689

Phase 4.1.1.1 BUFG Insertion
INFO: [Place 46-56] BUFG insertion identified 0 candidate nets. Inserted BUFG: 0, Replicated BUFG Driver: 0, Skipped due to Placement/Routing Conflicts: 0, Skipped due to Timing Degradation: 0, Skipped due to Illegal Netlist: 0.
Phase 4.1.1.1 BUFG Insertion | Checksum: 210eb1689

Time (s): cpu = 00:00:52 ; elapsed = 00:00:34 . Memory (MB): peak = 1838.070 ; gain = 0.000
INFO: [Place 30-746] Post Placement Timing Summary WNS=12.850. For the most accurate timing information please run report_timing.
Phase 4.1.1 Post Placement Optimization | Checksum: 1533acac1

Time (s): cpu = 00:00:52 ; elapsed = 00:00:34 . Memory (MB): peak = 1838.070 ; gain = 0.000
Phase 4.1 Post Commit Optimization | Checksum: 1533acac1

Time (s): cpu = 00:00:52 ; elapsed = 00:00:35 . Memory (MB): peak = 1838.070 ; gain = 0.000

Phase 4.2 Post Placement Cleanup
Phase 4.2 Post Placement Cleanup | Checksum: 1533acac1

Time (s): cpu = 00:00:52 ; elapsed = 00:00:35 . Memory (MB): peak = 1838.070 ; gain = 0.000

Phase 4.3 Placer Reporting
Phase 4.3 Placer Reporting | Checksum: 1533acac1

Time (s): cpu = 00:00:52 ; elapsed = 00:00:35 . Memory (MB): peak = 1838.070 ; gain = 0.000

Phase 4.4 Final Placement Cleanup
Netlist sorting complete. Time (s): cpu = 00:00:00 ; elapsed = 00:00:00.015 . Memory (MB): peak = 1838.070 ; gain = 0.000
Phase 4.4 Final Placement Cleanup | Checksum: 19e76edc7

Time (s): cpu = 00:00:52 ; elapsed = 00:00:35 . Memory (MB): peak = 1838.070 ; gain = 0.000
Phase 4 Post Placement Optimization and Clean-Up | Checksum: 19e76edc7

Time (s): cpu = 00:00:52 ; elapsed = 00:00:35 . Memory (MB): peak = 1838.070 ; gain = 0.000
Ending Placer Task | Checksum: 1835d0623

Time (s): cpu = 00:00:52 ; elapsed = 00:00:35 . Memory (MB): peak = 1838.070 ; gain = 0.000
INFO: [Common 17-83] Releasing license: Implementation
64 Infos, 80 Warnings, 0 Critical Warnings and 0 Errors encountered.
place_design completed successfully
place_design: Time (s): cpu = 00:00:55 ; elapsed = 00:00:36 . Memory (MB): peak = 1838.070 ; gain = 0.000
Netlist sorting complete. Time (s): cpu = 00:00:00 ; elapsed = 00:00:00.011 . Memory (MB): peak = 1838.070 ; gain = 0.000
INFO: [Timing 38-480] Writing timing data to binary archive.
Writing placer database...
Writing XDEF routing.
Writing XDEF routing logical nets.
Writing XDEF routing special nets.
Write XDEF Complete: Time (s): cpu = 00:00:05 ; elapsed = 00:00:02 . Memory (MB): peak = 1838.070 ; gain = 0.000
INFO: [Common 17-1381] The checkpoint 'C:/dkaputa/courses/563-embeddesSystemsDesignTwo_2025/lecture17/rgbFilter/hdl_prj/vivado_ip_prj/vivado_prj.runs/impl_1/design_1_wrapper_placed.dcp' has been generated.
write_checkpoint: Time (s): cpu = 00:00:09 ; elapsed = 00:00:06 . Memory (MB): peak = 1838.070 ; gain = 0.000
INFO: [runtcl-4] Executing : report_io -file design_1_wrapper_io_placed.rpt
report_io: Time (s): cpu = 00:00:00 ; elapsed = 00:00:00.045 . Memory (MB): peak = 1838.070 ; gain = 0.000
INFO: [runtcl-4] Executing : report_utilization -file design_1_wrapper_utilization_placed.rpt -pb design_1_wrapper_utilization_placed.pb
INFO: [runtcl-4] Executing : report_control_sets -verbose -file design_1_wrapper_control_sets_placed.rpt
report_control_sets: Time (s): cpu = 00:00:01 ; elapsed = 00:00:00.662 . Memory (MB): peak = 1838.070 ; gain = 0.000
Command: route_design
Attempting to get a license for feature 'Implementation' and/or device 'xc7z020'
INFO: [Common 17-349] Got license for feature 'Implementation' and/or device 'xc7z020'
Running DRC as a precondition to command route_design
INFO: [DRC 23-27] Running DRC with 2 threads
INFO: [Vivado_Tcl 4-198] DRC finished with 0 Errors
INFO: [Vivado_Tcl 4-199] Please refer to the DRC report (report_drc) for more information.


Starting Routing Task
INFO: [Route 35-254] Multithreading enabled for route_design using a maximum of 2 CPUs
Checksum: PlaceDB: ae3e1bd8 ConstDB: 0 ShapeSum: d51eea4b RouteDB: 0

Phase 1 Build RT Design
Phase 1 Build RT Design | Checksum: bc8b0828

Time (s): cpu = 00:00:30 ; elapsed = 00:00:24 . Memory (MB): peak = 1838.070 ; gain = 0.000
Post Restoration Checksum: NetGraph: 3340de18 NumContArr: 894a2a10 Constraints: 0 Timing: 0

Phase 2 Router Initialization

Phase 2.1 Create Timer
Phase 2.1 Create Timer | Checksum: bc8b0828

Time (s): cpu = 00:00:31 ; elapsed = 00:00:25 . Memory (MB): peak = 1856.016 ; gain = 17.945

Phase 2.2 Fix Topology Constraints
Phase 2.2 Fix Topology Constraints | Checksum: bc8b0828

Time (s): cpu = 00:00:31 ; elapsed = 00:00:25 . Memory (MB): peak = 1863.438 ; gain = 25.367

Phase 2.3 Pre Route Cleanup
Phase 2.3 Pre Route Cleanup | Checksum: bc8b0828

Time (s): cpu = 00:00:31 ; elapsed = 00:00:25 . Memory (MB): peak = 1863.438 ; gain = 25.367
 Number of Nodes with overlaps = 0

Phase 2.4 Update Timing
Phase 2.4 Update Timing | Checksum: 153f51923

Time (s): cpu = 00:00:38 ; elapsed = 00:00:29 . Memory (MB): peak = 1887.145 ; gain = 49.074
INFO: [Route 35-416] Intermediate Timing Summary | WNS=12.981 | TNS=0.000  | WHS=-0.358 | THS=-1411.510|

Phase 2 Router Initialization | Checksum: 225141ee4

Time (s): cpu = 00:00:41 ; elapsed = 00:00:31 . Memory (MB): peak = 1900.387 ; gain = 62.316

Router Utilization Summary
  Global Vertical Routing Utilization    = 0 %
  Global Horizontal Routing Utilization  = 0 %
  Routable Net Status*
  *Does not include unroutable nets such as driverless and loadless.
  Run report_route_status for detailed report.
  Number of Failed Nets               = 18904
    (Failed Nets is the sum of unrouted and partially routed nets)
  Number of Unrouted Nets             = 18904
  Number of Partially Routed Nets     = 0
  Number of Node Overlaps             = 0


Phase 3 Initial Routing
Phase 3 Initial Routing | Checksum: 1d30ed226

Time (s): cpu = 00:00:44 ; elapsed = 00:00:33 . Memory (MB): peak = 1900.387 ; gain = 62.316

Phase 4 Rip-up And Reroute

Phase 4.1 Global Iteration 0
 Number of Nodes with overlaps = 1348
 Number of Nodes with overlaps = 84
 Number of Nodes with overlaps = 0
INFO: [Route 35-416] Intermediate Timing Summary | WNS=11.526 | TNS=0.000  | WHS=N/A    | THS=N/A    |

Phase 4.1 Global Iteration 0 | Checksum: 183b2bd56

Time (s): cpu = 00:00:52 ; elapsed = 00:00:38 . Memory (MB): peak = 1900.387 ; gain = 62.316
Phase 4 Rip-up And Reroute | Checksum: 183b2bd56

Time (s): cpu = 00:00:52 ; elapsed = 00:00:38 . Memory (MB): peak = 1900.387 ; gain = 62.316

Phase 5 Delay and Skew Optimization

Phase 5.1 Delay CleanUp
Phase 5.1 Delay CleanUp | Checksum: 183b2bd56

Time (s): cpu = 00:00:52 ; elapsed = 00:00:38 . Memory (MB): peak = 1900.387 ; gain = 62.316

Phase 5.2 Clock Skew Optimization
Phase 5.2 Clock Skew Optimization | Checksum: 183b2bd56

Time (s): cpu = 00:00:52 ; elapsed = 00:00:38 . Memory (MB): peak = 1900.387 ; gain = 62.316
Phase 5 Delay and Skew Optimization | Checksum: 183b2bd56

Time (s): cpu = 00:00:52 ; elapsed = 00:00:38 . Memory (MB): peak = 1900.387 ; gain = 62.316

Phase 6 Post Hold Fix

Phase 6.1 Hold Fix Iter

Phase 6.1.1 Update Timing
Phase 6.1.1 Update Timing | Checksum: f0f16092

Time (s): cpu = 00:00:53 ; elapsed = 00:00:39 . Memory (MB): peak = 1900.387 ; gain = 62.316
INFO: [Route 35-416] Intermediate Timing Summary | WNS=11.537 | TNS=0.000  | WHS=0.057  | THS=0.000  |

Phase 6.1 Hold Fix Iter | Checksum: 182cfa88b

Time (s): cpu = 00:00:54 ; elapsed = 00:00:39 . Memory (MB): peak = 1900.387 ; gain = 62.316
Phase 6 Post Hold Fix | Checksum: 182cfa88b

Time (s): cpu = 00:00:54 ; elapsed = 00:00:39 . Memory (MB): peak = 1900.387 ; gain = 62.316

Phase 7 Route finalize

Router Utilization Summary
  Global Vertical Routing Utilization    = 3.23532 %
  Global Horizontal Routing Utilization  = 4.11629 %
  Routable Net Status*
  *Does not include unroutable nets such as driverless and loadless.
  Run report_route_status for detailed report.
  Number of Failed Nets               = 0
    (Failed Nets is the sum of unrouted and partially routed nets)
  Number of Unrouted Nets             = 0
  Number of Partially Routed Nets     = 0
  Number of Node Overlaps             = 0

Phase 7 Route finalize | Checksum: dd4b3719

Time (s): cpu = 00:00:54 ; elapsed = 00:00:39 . Memory (MB): peak = 1900.387 ; gain = 62.316

Phase 8 Verifying routed nets

 Verification completed successfully
Phase 8 Verifying routed nets | Checksum: dd4b3719

Time (s): cpu = 00:00:54 ; elapsed = 00:00:39 . Memory (MB): peak = 1900.387 ; gain = 62.316

Phase 9 Depositing Routes
Phase 9 Depositing Routes | Checksum: 1178e52ab

Time (s): cpu = 00:00:56 ; elapsed = 00:00:41 . Memory (MB): peak = 1900.387 ; gain = 62.316

Phase 10 Post Router Timing
INFO: [Route 35-57] Estimated Timing Summary | WNS=11.537 | TNS=0.000  | WHS=0.057  | THS=0.000  |

INFO: [Route 35-327] The final timing numbers are based on the router estimated timing analysis. For a complete and accurate timing signoff, please run report_timing_summary.
Phase 10 Post Router Timing | Checksum: 1178e52ab

Time (s): cpu = 00:00:56 ; elapsed = 00:00:41 . Memory (MB): peak = 1900.387 ; gain = 62.316
INFO: [Route 35-16] Router Completed Successfully

Time (s): cpu = 00:00:56 ; elapsed = 00:00:41 . Memory (MB): peak = 1900.387 ; gain = 62.316

Routing Is Done.
INFO: [Common 17-83] Releasing license: Implementation
81 Infos, 80 Warnings, 0 Critical Warnings and 0 Errors encountered.
route_design completed successfully
route_design: Time (s): cpu = 00:00:59 ; elapsed = 00:01:01 . Memory (MB): peak = 1900.387 ; gain = 62.316
Netlist sorting complete. Time (s): cpu = 00:00:00 ; elapsed = 00:00:00.013 . Memory (MB): peak = 1900.387 ; gain = 0.000
INFO: [Timing 38-480] Writing timing data to binary archive.
Writing placer database...
Writing XDEF routing.
Writing XDEF routing logical nets.
Writing XDEF routing special nets.
Write XDEF Complete: Time (s): cpu = 00:00:06 ; elapsed = 00:00:02 . Memory (MB): peak = 1900.973 ; gain = 0.586
INFO: [Common 17-1381] The checkpoint 'C:/dkaputa/courses/563-embeddesSystemsDesignTwo_2025/lecture17/rgbFilter/hdl_prj/vivado_ip_prj/vivado_prj.runs/impl_1/design_1_wrapper_routed.dcp' has been generated.
write_checkpoint: Time (s): cpu = 00:00:09 ; elapsed = 00:00:06 . Memory (MB): peak = 1900.973 ; gain = 0.586
INFO: [runtcl-4] Executing : report_drc -file design_1_wrapper_drc_routed.rpt -pb design_1_wrapper_drc_routed.pb -rpx design_1_wrapper_drc_routed.rpx
Command: report_drc -file design_1_wrapper_drc_routed.rpt -pb design_1_wrapper_drc_routed.pb -rpx design_1_wrapper_drc_routed.rpx
INFO: [IP_Flow 19-1839] IP Catalog is up to date.
INFO: [DRC 23-27] Running DRC with 2 threads
INFO: [Coretcl 2-168] The results of DRC are in file C:/dkaputa/courses/563-embeddesSystemsDesignTwo_2025/lecture17/rgbFilter/hdl_prj/vivado_ip_prj/vivado_prj.runs/impl_1/design_1_wrapper_drc_routed.rpt.
report_drc completed successfully
INFO: [runtcl-4] Executing : report_methodology -file design_1_wrapper_methodology_drc_routed.rpt -pb design_1_wrapper_methodology_drc_routed.pb -rpx design_1_wrapper_methodology_drc_routed.rpx
Command: report_methodology -file design_1_wrapper_methodology_drc_routed.rpt -pb design_1_wrapper_methodology_drc_routed.pb -rpx design_1_wrapper_methodology_drc_routed.rpx
INFO: [Timing 38-35] Done setting XDC timing constraints.
INFO: [DRC 23-133] Running Methodology with 2 threads
INFO: [Coretcl 2-1520] The results of Report Methodology are in file C:/dkaputa/courses/563-embeddesSystemsDesignTwo_2025/lecture17/rgbFilter/hdl_prj/vivado_ip_prj/vivado_prj.runs/impl_1/design_1_wrapper_methodology_drc_routed.rpt.
report_methodology completed successfully
report_methodology: Time (s): cpu = 00:00:11 ; elapsed = 00:00:06 . Memory (MB): peak = 1999.066 ; gain = 88.453
INFO: [runtcl-4] Executing : report_power -file design_1_wrapper_power_routed.rpt -pb design_1_wrapper_power_summary_routed.pb -rpx design_1_wrapper_power_routed.rpx
Command: report_power -file design_1_wrapper_power_routed.rpt -pb design_1_wrapper_power_summary_routed.pb -rpx design_1_wrapper_power_routed.rpx
INFO: [Timing 38-35] Done setting XDC timing constraints.
Running Vector-less Activity Propagation...

Finished Running Vector-less Activity Propagation
WARNING: [Power 33-332] Found switching activity that implies high-fanout reset nets being asserted for excessive periods of time which may result in inaccurate power analysis.
Resolution: To review and fix problems, please run Power Constraints Advisor in the GUI from Tools > Power Constraints Advisor or run report_power with the -advisory option to generate a text report.
93 Infos, 81 Warnings, 0 Critical Warnings and 0 Errors encountered.
report_power completed successfully
report_power: Time (s): cpu = 00:00:08 ; elapsed = 00:00:05 . Memory (MB): peak = 1999.066 ; gain = 0.000
INFO: [runtcl-4] Executing : report_route_status -file design_1_wrapper_route_status.rpt -pb design_1_wrapper_route_status.pb
INFO: [runtcl-4] Executing : report_timing_summary -max_paths 10 -file design_1_wrapper_timing_summary_routed.rpt -pb design_1_wrapper_timing_summary_routed.pb -rpx design_1_wrapper_timing_summary_routed.rpx -warn_on_violation 
INFO: [Timing 38-91] UpdateTimingParams: Speed grade: -3, Delay Type: min_max.
INFO: [Timing 38-191] Multithreading enabled for timing update using a maximum of 2 CPUs
INFO: [runtcl-4] Executing : report_incremental_reuse -file design_1_wrapper_incremental_reuse_routed.rpt
INFO: [Vivado_Tcl 4-1062] Incremental flow is disabled. No incremental reuse Info to report.
INFO: [runtcl-4] Executing : report_clock_utilization -file design_1_wrapper_clock_utilization_routed.rpt
INFO: [runtcl-4] Executing : report_bus_skew -warn_on_violation -file design_1_wrapper_bus_skew_routed.rpt -pb design_1_wrapper_bus_skew_routed.pb -rpx design_1_wrapper_bus_skew_routed.rpx
INFO: [Timing 38-91] UpdateTimingParams: Speed grade: -3, Delay Type: min_max.
INFO: [Timing 38-191] Multithreading enabled for timing update using a maximum of 2 CPUs
INFO: [Memdata 28-167] Found XPM memory block design_1_i/smartconnect_1/inst/s00_nodes/s00_w_node/inst/inst_mi_handler/gen_normal_area.inst_fifo_node_payld/gen_xpm_memory_fifo.inst_fifo/gen_mem_rep[0].inst_xpm_memory/xpm_memory_base_inst with a P_MEMORY_PRIMITIVE property set to distributed. A value of block is required. You will not be able to use the updatemem program to update the bitstream with new data for the design_1_i/smartconnect_1/inst/s00_nodes/s00_w_node/inst/inst_mi_handler/gen_normal_area.inst_fifo_node_payld/gen_xpm_memory_fifo.inst_fifo/gen_mem_rep[0].inst_xpm_memory/xpm_memory_base_inst block.
INFO: [Memdata 28-167] Found XPM memory block design_1_i/smartconnect_1/inst/s00_nodes/s00_b_node/inst/inst_mi_handler/gen_normal_area.inst_fifo_node_payld/gen_xpm_memory_fifo.inst_fifo/gen_mem_rep[0].inst_xpm_memory/xpm_memory_base_inst with a P_MEMORY_PRIMITIVE property set to distributed. A value of block is required. You will not be able to use the updatemem program to update the bitstream with new data for the design_1_i/smartconnect_1/inst/s00_nodes/s00_b_node/inst/inst_mi_handler/gen_normal_area.inst_fifo_node_payld/gen_xpm_memory_fifo.inst_fifo/gen_mem_rep[0].inst_xpm_memory/xpm_memory_base_inst block.
INFO: [Memdata 28-167] Found XPM memory block design_1_i/smartconnect_1/inst/s00_nodes/s00_aw_node/inst/inst_mi_handler/gen_normal_area.inst_fifo_node_payld/gen_xpm_memory_fifo.inst_fifo/gen_mem_rep[0].inst_xpm_memory/xpm_memory_base_inst with a P_MEMORY_PRIMITIVE property set to distributed. A value of block is required. You will not be able to use the updatemem program to update the bitstream with new data for the design_1_i/smartconnect_1/inst/s00_nodes/s00_aw_node/inst/inst_mi_handler/gen_normal_area.inst_fifo_node_payld/gen_xpm_memory_fifo.inst_fifo/gen_mem_rep[0].inst_xpm_memory/xpm_memory_base_inst block.
INFO: [Memdata 28-167] Found XPM memory block design_1_i/smartconnect_0/inst/s01_nodes/s01_r_node/inst/inst_mi_handler/gen_normal_area.inst_fifo_node_payld/gen_xpm_memory_fifo.inst_fifo/gen_mem_rep[0].inst_xpm_memory/xpm_memory_base_inst with a P_MEMORY_PRIMITIVE property set to distributed. A value of block is required. You will not be able to use the updatemem program to update the bitstream with new data for the design_1_i/smartconnect_0/inst/s01_nodes/s01_r_node/inst/inst_mi_handler/gen_normal_area.inst_fifo_node_payld/gen_xpm_memory_fifo.inst_fifo/gen_mem_rep[0].inst_xpm_memory/xpm_memory_base_inst block.
INFO: [Memdata 28-167] Found XPM memory block design_1_i/smartconnect_0/inst/s01_nodes/s01_ar_node/inst/inst_mi_handler/gen_normal_area.inst_fifo_node_payld/gen_xpm_memory_fifo.inst_fifo/gen_mem_rep[0].inst_xpm_memory/xpm_memory_base_inst with a P_MEMORY_PRIMITIVE property set to distributed. A value of block is required. You will not be able to use the updatemem program to update the bitstream with new data for the design_1_i/smartconnect_0/inst/s01_nodes/s01_ar_node/inst/inst_mi_handler/gen_normal_area.inst_fifo_node_payld/gen_xpm_memory_fifo.inst_fifo/gen_mem_rep[0].inst_xpm_memory/xpm_memory_base_inst block.
INFO: [Memdata 28-167] Found XPM memory block design_1_i/smartconnect_0/inst/s00_nodes/s00_w_node/inst/inst_mi_handler/gen_normal_area.inst_fifo_node_payld/gen_xpm_memory_fifo.inst_fifo/gen_mem_rep[0].inst_xpm_memory/xpm_memory_base_inst with a P_MEMORY_PRIMITIVE property set to distributed. A value of block is required. You will not be able to use the updatemem program to update the bitstream with new data for the design_1_i/smartconnect_0/inst/s00_nodes/s00_w_node/inst/inst_mi_handler/gen_normal_area.inst_fifo_node_payld/gen_xpm_memory_fifo.inst_fifo/gen_mem_rep[0].inst_xpm_memory/xpm_memory_base_inst block.
INFO: [Memdata 28-167] Found XPM memory block design_1_i/smartconnect_0/inst/s00_nodes/s00_w_node/inst/inst_mi_handler/gen_normal_area.gen_fifo_req.inst_fifo_req/gen_xpm_memory_fifo.inst_fifo/gen_mem_rep[0].inst_xpm_memory/xpm_memory_base_inst with a P_MEMORY_PRIMITIVE property set to distributed. A value of block is required. You will not be able to use the updatemem program to update the bitstream with new data for the design_1_i/smartconnect_0/inst/s00_nodes/s00_w_node/inst/inst_mi_handler/gen_normal_area.gen_fifo_req.inst_fifo_req/gen_xpm_memory_fifo.inst_fifo/gen_mem_rep[0].inst_xpm_memory/xpm_memory_base_inst block.
INFO: [Memdata 28-167] Found XPM memory block design_1_i/smartconnect_0/inst/s00_nodes/s00_b_node/inst/inst_mi_handler/gen_normal_area.inst_fifo_node_payld/gen_xpm_memory_fifo.inst_fifo/gen_mem_rep[0].inst_xpm_memory/xpm_memory_base_inst with a P_MEMORY_PRIMITIVE property set to distributed. A value of block is required. You will not be able to use the updatemem program to update the bitstream with new data for the design_1_i/smartconnect_0/inst/s00_nodes/s00_b_node/inst/inst_mi_handler/gen_normal_area.inst_fifo_node_payld/gen_xpm_memory_fifo.inst_fifo/gen_mem_rep[0].inst_xpm_memory/xpm_memory_base_inst block.
INFO: [Memdata 28-167] Found XPM memory block design_1_i/smartconnect_0/inst/s00_nodes/s00_aw_node/inst/inst_mi_handler/gen_normal_area.inst_fifo_node_payld/gen_xpm_memory_fifo.inst_fifo/gen_mem_rep[0].inst_xpm_memory/xpm_memory_base_inst with a P_MEMORY_PRIMITIVE property set to distributed. A value of block is required. You will not be able to use the updatemem program to update the bitstream with new data for the design_1_i/smartconnect_0/inst/s00_nodes/s00_aw_node/inst/inst_mi_handler/gen_normal_area.inst_fifo_node_payld/gen_xpm_memory_fifo.inst_fifo/gen_mem_rep[0].inst_xpm_memory/xpm_memory_base_inst block.
INFO: [Memdata 28-167] Found XPM memory block design_1_i/smartconnect_0/inst/m00_nodes/m00_w_node/inst/inst_si_handler/gen_si_handler.gen_request_fifos.gen_req_fifo[0].inst_req_fifo/gen_xpm_memory_fifo.inst_fifo/gen_mem_rep[0].inst_xpm_memory/xpm_memory_base_inst with a P_MEMORY_PRIMITIVE property set to distributed. A value of block is required. You will not be able to use the updatemem program to update the bitstream with new data for the design_1_i/smartconnect_0/inst/m00_nodes/m00_w_node/inst/inst_si_handler/gen_si_handler.gen_request_fifos.gen_req_fifo[0].inst_req_fifo/gen_xpm_memory_fifo.inst_fifo/gen_mem_rep[0].inst_xpm_memory/xpm_memory_base_inst block.
INFO: [Memdata 28-167] Found XPM memory block design_1_i/smartconnect_0/inst/m00_nodes/m00_w_node/inst/inst_mi_handler/gen_normal_area.inst_fifo_node_payld/gen_xpm_memory_fifo.inst_fifo/gen_mem_rep[0].inst_xpm_memory/xpm_memory_base_inst with a P_MEMORY_PRIMITIVE property set to distributed. A value of block is required. You will not be able to use the updatemem program to update the bitstream with new data for the design_1_i/smartconnect_0/inst/m00_nodes/m00_w_node/inst/inst_mi_handler/gen_normal_area.inst_fifo_node_payld/gen_xpm_memory_fifo.inst_fifo/gen_mem_rep[0].inst_xpm_memory/xpm_memory_base_inst block.
INFO: [Memdata 28-167] Found XPM memory block design_1_i/smartconnect_0/inst/m00_nodes/m00_r_node/inst/inst_mi_handler/gen_normal_area.inst_fifo_node_payld/gen_xpm_memory_fifo.inst_fifo/gen_mem_rep[0].inst_xpm_memory/xpm_memory_base_inst with a P_MEMORY_PRIMITIVE property set to distributed. A value of block is required. You will not be able to use the updatemem program to update the bitstream with new data for the design_1_i/smartconnect_0/inst/m00_nodes/m00_r_node/inst/inst_mi_handler/gen_normal_area.inst_fifo_node_payld/gen_xpm_memory_fifo.inst_fifo/gen_mem_rep[0].inst_xpm_memory/xpm_memory_base_inst block.
INFO: [Memdata 28-167] Found XPM memory block design_1_i/smartconnect_0/inst/m00_nodes/m00_r_node/inst/inst_mi_handler/gen_normal_area.gen_fifo_req.inst_fifo_req/gen_xpm_memory_fifo.inst_fifo/gen_mem_rep[0].inst_xpm_memory/xpm_memory_base_inst with a P_MEMORY_PRIMITIVE property set to distributed. A value of block is required. You will not be able to use the updatemem program to update the bitstream with new data for the design_1_i/smartconnect_0/inst/m00_nodes/m00_r_node/inst/inst_mi_handler/gen_normal_area.gen_fifo_req.inst_fifo_req/gen_xpm_memory_fifo.inst_fifo/gen_mem_rep[0].inst_xpm_memory/xpm_memory_base_inst block.
INFO: [Memdata 28-167] Found XPM memory block design_1_i/smartconnect_0/inst/m00_nodes/m00_b_node/inst/inst_mi_handler/gen_normal_area.inst_fifo_node_payld/gen_xpm_memory_fifo.inst_fifo/gen_mem_rep[0].inst_xpm_memory/xpm_memory_base_inst with a P_MEMORY_PRIMITIVE property set to distributed. A value of block is required. You will not be able to use the updatemem program to update the bitstream with new data for the design_1_i/smartconnect_0/inst/m00_nodes/m00_b_node/inst/inst_mi_handler/gen_normal_area.inst_fifo_node_payld/gen_xpm_memory_fifo.inst_fifo/gen_mem_rep[0].inst_xpm_memory/xpm_memory_base_inst block.
INFO: [Memdata 28-167] Found XPM memory block design_1_i/smartconnect_0/inst/m00_nodes/m00_b_node/inst/inst_mi_handler/gen_normal_area.gen_fifo_req.inst_fifo_req/gen_xpm_memory_fifo.inst_fifo/gen_mem_rep[0].inst_xpm_memory/xpm_memory_base_inst with a P_MEMORY_PRIMITIVE property set to distributed. A value of block is required. You will not be able to use the updatemem program to update the bitstream with new data for the design_1_i/smartconnect_0/inst/m00_nodes/m00_b_node/inst/inst_mi_handler/gen_normal_area.gen_fifo_req.inst_fifo_req/gen_xpm_memory_fifo.inst_fifo/gen_mem_rep[0].inst_xpm_memory/xpm_memory_base_inst block.
INFO: [Memdata 28-167] Found XPM memory block design_1_i/smartconnect_0/inst/m00_nodes/m00_aw_node/inst/inst_mi_handler/gen_normal_area.inst_fifo_node_payld/gen_xpm_memory_fifo.inst_fifo/gen_mem_rep[0].inst_xpm_memory/xpm_memory_base_inst with a P_MEMORY_PRIMITIVE property set to distributed. A value of block is required. You will not be able to use the updatemem program to update the bitstream with new data for the design_1_i/smartconnect_0/inst/m00_nodes/m00_aw_node/inst/inst_mi_handler/gen_normal_area.inst_fifo_node_payld/gen_xpm_memory_fifo.inst_fifo/gen_mem_rep[0].inst_xpm_memory/xpm_memory_base_inst block.
INFO: [Memdata 28-167] Found XPM memory block design_1_i/smartconnect_0/inst/m00_nodes/m00_ar_node/inst/inst_mi_handler/gen_normal_area.inst_fifo_node_payld/gen_xpm_memory_fifo.inst_fifo/gen_mem_rep[0].inst_xpm_memory/xpm_memory_base_inst with a P_MEMORY_PRIMITIVE property set to distributed. A value of block is required. You will not be able to use the updatemem program to update the bitstream with new data for the design_1_i/smartconnect_0/inst/m00_nodes/m00_ar_node/inst/inst_mi_handler/gen_normal_area.inst_fifo_node_payld/gen_xpm_memory_fifo.inst_fifo/gen_mem_rep[0].inst_xpm_memory/xpm_memory_base_inst block.
INFO: [Memdata 28-208] The XPM instance: <design_1_i/axi_vdma_3/U0/GEN_SPRT_FOR_MM2S.MM2S_LINEBUFFER_I/GEN_LINEBUF_FLUSH_SOF.GEN_LINEBUFFER.GEN_SYNC_FIFO.I_LINEBUFFER_FIFO/xpm_fifo_sync_inst/xpm_fifo_base_inst/gen_sdpram.xpm_memory_base_inst> is part of IP: <design_1_i/axi_vdma_3>. This XPM instance will be excluded from the .mmi because updatemem is prohibited from making changes to an XPM that is part of an IP.
INFO: [Memdata 28-167] Found XPM memory block design_1_i/axi_vdma_2/U0/I_PRMRY_DATAMOVER/GEN_S2MM_FULL.I_S2MM_FULL_WRAPPER/GEN_ENABLE_INDET_BTT_SF.I_INDET_BTT/I_XD_FIFO/NON_BLK_MEM.I_SYNC_FIFOGEN_FIFO/xpm_fifo_instance.xpm_fifo_sync_inst/xpm_fifo_base_inst/gen_sdpram.xpm_memory_base_inst with a P_MEMORY_PRIMITIVE property set to auto. A value of block is required. You will not be able to use the updatemem program to update the bitstream with new data for the design_1_i/axi_vdma_2/U0/I_PRMRY_DATAMOVER/GEN_S2MM_FULL.I_S2MM_FULL_WRAPPER/GEN_ENABLE_INDET_BTT_SF.I_INDET_BTT/I_XD_FIFO/NON_BLK_MEM.I_SYNC_FIFOGEN_FIFO/xpm_fifo_instance.xpm_fifo_sync_inst/xpm_fifo_base_inst/gen_sdpram.xpm_memory_base_inst block.
INFO: [Memdata 28-208] The XPM instance: <design_1_i/axi_vdma_2/U0/I_PRMRY_DATAMOVER/GEN_S2MM_FULL.I_S2MM_FULL_WRAPPER/GEN_ENABLE_INDET_BTT_SF.I_INDET_BTT/I_DATA_FIFO/BLK_MEM.I_SYNC_FIFOGEN_FIFO/xpm_fifo_instance.xpm_fifo_sync_inst/xpm_fifo_base_inst/gen_sdpram.xpm_memory_base_inst> is part of IP: <design_1_i/axi_vdma_2>. This XPM instance will be excluded from the .mmi because updatemem is prohibited from making changes to an XPM that is part of an IP.
INFO: [Memdata 28-208] The XPM instance: <design_1_i/axi_vdma_2/U0/GEN_SPRT_FOR_S2MM.S2MM_LINEBUFFER_I/GEN_S2MM_FLUSH_SOF_LOGIC.GEN_LINEBUFFER_FLUSH_SOF.GEN_SYNC_FIFO_FLUSH_SOF.I_LINEBUFFER_FIFO/xpm_fifo_sync_inst/xpm_fifo_base_inst/gen_sdpram.xpm_memory_base_inst> is part of IP: <design_1_i/axi_vdma_2>. This XPM instance will be excluded from the .mmi because updatemem is prohibited from making changes to an XPM that is part of an IP.
INFO: [Memdata 28-167] Found XPM memory block design_1_i/axi_vdma_1/U0/I_PRMRY_DATAMOVER/GEN_S2MM_FULL.I_S2MM_FULL_WRAPPER/GEN_ENABLE_INDET_BTT_SF.I_INDET_BTT/I_XD_FIFO/NON_BLK_MEM.I_SYNC_FIFOGEN_FIFO/xpm_fifo_instance.xpm_fifo_sync_inst/xpm_fifo_base_inst/gen_sdpram.xpm_memory_base_inst with a P_MEMORY_PRIMITIVE property set to auto. A value of block is required. You will not be able to use the updatemem program to update the bitstream with new data for the design_1_i/axi_vdma_1/U0/I_PRMRY_DATAMOVER/GEN_S2MM_FULL.I_S2MM_FULL_WRAPPER/GEN_ENABLE_INDET_BTT_SF.I_INDET_BTT/I_XD_FIFO/NON_BLK_MEM.I_SYNC_FIFOGEN_FIFO/xpm_fifo_instance.xpm_fifo_sync_inst/xpm_fifo_base_inst/gen_sdpram.xpm_memory_base_inst block.
INFO: [Memdata 28-208] The XPM instance: <design_1_i/axi_vdma_1/U0/I_PRMRY_DATAMOVER/GEN_S2MM_FULL.I_S2MM_FULL_WRAPPER/GEN_ENABLE_INDET_BTT_SF.I_INDET_BTT/I_DATA_FIFO/BLK_MEM.I_SYNC_FIFOGEN_FIFO/xpm_fifo_instance.xpm_fifo_sync_inst/xpm_fifo_base_inst/gen_sdpram.xpm_memory_base_inst> is part of IP: <design_1_i/axi_vdma_1>. This XPM instance will be excluded from the .mmi because updatemem is prohibited from making changes to an XPM that is part of an IP.
INFO: [Memdata 28-208] The XPM instance: <design_1_i/axi_vdma_1/U0/GEN_SPRT_FOR_S2MM.S2MM_LINEBUFFER_I/GEN_S2MM_FLUSH_SOF_LOGIC.GEN_LINEBUFFER_FLUSH_SOF.GEN_SYNC_FIFO_FLUSH_SOF.I_LINEBUFFER_FIFO/xpm_fifo_sync_inst/xpm_fifo_base_inst/gen_sdpram.xpm_memory_base_inst> is part of IP: <design_1_i/axi_vdma_1>. This XPM instance will be excluded from the .mmi because updatemem is prohibited from making changes to an XPM that is part of an IP.
Command: write_bitstream -force design_1_wrapper.bit
Attempting to get a license for feature 'Implementation' and/or device 'xc7z020'
INFO: [Common 17-349] Got license for feature 'Implementation' and/or device 'xc7z020'
Running DRC as a precondition to command write_bitstream
INFO: [IP_Flow 19-1839] IP Catalog is up to date.
INFO: [DRC 23-27] Running DRC with 2 threads
INFO: [Vivado 12-3199] DRC finished with 0 Errors
INFO: [Vivado 12-3200] Please refer to the DRC report (report_drc) for more information.
INFO: [Designutils 20-2272] Running write_bitstream with 2 threads.
Loading data files...
Loading site data...
Loading route data...
Processing options...
Creating bitmap...
Creating bitstream...
Writing bitstream ./design_1_wrapper.bit...
INFO: [Vivado 12-1842] Bitgen Completed Successfully.
INFO: [Project 1-120] WebTalk data collection is mandatory when using a WebPACK part without a full Vivado license. To see the specific WebTalk data collected for your design, open the usage_statistics_webtalk.html or usage_statistics_webtalk.xml file in the implementation directory.
INFO: [Common 17-83] Releasing license: Implementation
136 Infos, 81 Warnings, 0 Critical Warnings and 0 Errors encountered.
write_bitstream completed successfully
write_bitstream: Time (s): cpu = 00:00:28 ; elapsed = 00:00:58 . Memory (MB): peak = 2435.938 ; gain = 436.871
INFO: [Common 17-206] Exiting Vivado at Tue Mar 25 10:47:22 2025...
